Component: ARM Compiler 5.06 update 6 (build 750) Tool: armlink [4d35ed]

==============================================================================

Section Cross References

    startup_stm32f427xx.o(STACK) refers (Special) to heapauxi.o(.text) for __use_two_region_memory
    startup_stm32f427xx.o(HEAP) refers (Special) to heapauxi.o(.text) for __use_two_region_memory
    startup_stm32f427xx.o(RESET) refers (Special) to heapauxi.o(.text) for __use_two_region_memory
    startup_stm32f427xx.o(RESET) refers to startup_stm32f427xx.o(STACK) for __initial_sp
    startup_stm32f427xx.o(RESET) refers to startup_stm32f427xx.o(.text) for Reset_Handler
    startup_stm32f427xx.o(RESET) refers to stm32f4xx_it.o(i.NMI_Handler) for NMI_Handler
    startup_stm32f427xx.o(RESET) refers to stm32f4xx_it.o(i.HardFault_Handler) for HardFault_Handler
    startup_stm32f427xx.o(RESET) refers to stm32f4xx_it.o(i.MemManage_Handler) for MemManage_Handler
    startup_stm32f427xx.o(RESET) refers to stm32f4xx_it.o(i.BusFault_Handler) for BusFault_Handler
    startup_stm32f427xx.o(RESET) refers to stm32f4xx_it.o(i.UsageFault_Handler) for UsageFault_Handler
    startup_stm32f427xx.o(RESET) refers to stm32f4xx_it.o(i.SVC_Handler) for SVC_Handler
    startup_stm32f427xx.o(RESET) refers to stm32f4xx_it.o(i.DebugMon_Handler) for DebugMon_Handler
    startup_stm32f427xx.o(RESET) refers to stm32f4xx_it.o(i.PendSV_Handler) for PendSV_Handler
    startup_stm32f427xx.o(RESET) refers to tim2.o(i.SysTick_Handler) for SysTick_Handler
    startup_stm32f427xx.o(RESET) refers to can.o(i.CAN1_TX_IRQHandler) for CAN1_TX_IRQHandler
    startup_stm32f427xx.o(RESET) refers to can.o(i.CAN1_RX0_IRQHandler) for CAN1_RX0_IRQHandler
    startup_stm32f427xx.o(RESET) refers to tim2.o(i.TIM2_IRQHandler) for TIM2_IRQHandler
    startup_stm32f427xx.o(RESET) refers to usart.o(i.USART6_IRQHandler) for USART6_IRQHandler
    startup_stm32f427xx.o(.text) refers (Special) to heapauxi.o(.text) for __use_two_region_memory
    startup_stm32f427xx.o(.text) refers to system_stm32f4xx.o(i.SystemInit) for SystemInit
    startup_stm32f427xx.o(.text) refers to __main.o(!!!main) for __main
    startup_stm32f427xx.o(.text) refers to startup_stm32f427xx.o(HEAP) for Heap_Mem
    startup_stm32f427xx.o(.text) refers to startup_stm32f427xx.o(STACK) for Stack_Mem
    stm32f4xx_adc.o(i.ADC_DeInit) refers to stm32f4xx_rcc.o(i.RCC_APB2PeriphResetCmd) for RCC_APB2PeriphResetCmd
    stm32f4xx_can.o(i.CAN_DeInit) refers to stm32f4xx_rcc.o(i.RCC_APB1PeriphResetCmd) for RCC_APB1PeriphResetCmd
    stm32f4xx_can.o(i.CAN_GetITStatus) refers to stm32f4xx_can.o(i.CheckITStatus) for CheckITStatus
    stm32f4xx_cryp.o(i.CRYP_DeInit) refers to stm32f4xx_rcc.o(i.RCC_AHB2PeriphResetCmd) for RCC_AHB2PeriphResetCmd
    stm32f4xx_cryp_aes.o(i.CRYP_AES_CBC) refers to stm32f4xx_cryp.o(i.CRYP_KeyStructInit) for CRYP_KeyStructInit
    stm32f4xx_cryp_aes.o(i.CRYP_AES_CBC) refers to stm32f4xx_cryp.o(i.CRYP_FIFOFlush) for CRYP_FIFOFlush
    stm32f4xx_cryp_aes.o(i.CRYP_AES_CBC) refers to stm32f4xx_cryp.o(i.CRYP_Init) for CRYP_Init
    stm32f4xx_cryp_aes.o(i.CRYP_AES_CBC) refers to stm32f4xx_cryp.o(i.CRYP_KeyInit) for CRYP_KeyInit
    stm32f4xx_cryp_aes.o(i.CRYP_AES_CBC) refers to stm32f4xx_cryp.o(i.CRYP_Cmd) for CRYP_Cmd
    stm32f4xx_cryp_aes.o(i.CRYP_AES_CBC) refers to stm32f4xx_cryp.o(i.CRYP_GetFlagStatus) for CRYP_GetFlagStatus
    stm32f4xx_cryp_aes.o(i.CRYP_AES_CBC) refers to stm32f4xx_cryp.o(i.CRYP_IVInit) for CRYP_IVInit
    stm32f4xx_cryp_aes.o(i.CRYP_AES_CBC) refers to stm32f4xx_cryp.o(i.CRYP_GetCmdStatus) for CRYP_GetCmdStatus
    stm32f4xx_cryp_aes.o(i.CRYP_AES_CBC) refers to stm32f4xx_cryp.o(i.CRYP_DataIn) for CRYP_DataIn
    stm32f4xx_cryp_aes.o(i.CRYP_AES_CBC) refers to stm32f4xx_cryp.o(i.CRYP_DataOut) for CRYP_DataOut
    stm32f4xx_cryp_aes.o(i.CRYP_AES_CCM) refers to stm32f4xx_cryp.o(i.CRYP_KeyStructInit) for CRYP_KeyStructInit
    stm32f4xx_cryp_aes.o(i.CRYP_AES_CCM) refers to stm32f4xx_cryp.o(i.CRYP_FIFOFlush) for CRYP_FIFOFlush
    stm32f4xx_cryp_aes.o(i.CRYP_AES_CCM) refers to stm32f4xx_cryp.o(i.CRYP_KeyInit) for CRYP_KeyInit
    stm32f4xx_cryp_aes.o(i.CRYP_AES_CCM) refers to stm32f4xx_cryp.o(i.CRYP_IVInit) for CRYP_IVInit
    stm32f4xx_cryp_aes.o(i.CRYP_AES_CCM) refers to stm32f4xx_cryp.o(i.CRYP_Init) for CRYP_Init
    stm32f4xx_cryp_aes.o(i.CRYP_AES_CCM) refers to stm32f4xx_cryp.o(i.CRYP_PhaseConfig) for CRYP_PhaseConfig
    stm32f4xx_cryp_aes.o(i.CRYP_AES_CCM) refers to stm32f4xx_cryp.o(i.CRYP_DataIn) for CRYP_DataIn
    stm32f4xx_cryp_aes.o(i.CRYP_AES_CCM) refers to stm32f4xx_cryp.o(i.CRYP_Cmd) for CRYP_Cmd
    stm32f4xx_cryp_aes.o(i.CRYP_AES_CCM) refers to stm32f4xx_cryp.o(i.CRYP_GetCmdStatus) for CRYP_GetCmdStatus
    stm32f4xx_cryp_aes.o(i.CRYP_AES_CCM) refers to stm32f4xx_cryp.o(i.CRYP_GetFlagStatus) for CRYP_GetFlagStatus
    stm32f4xx_cryp_aes.o(i.CRYP_AES_CCM) refers to stm32f4xx_cryp.o(i.CRYP_DataOut) for CRYP_DataOut
[...]
    .text                                    0x0800028c   Section        2  use_no_semi_2.o(.text)
    .text                                    0x08000290   Section        0  noretval__2printf.o(.text)
    .text                                    0x080002a8   Section      100  rt_memcpy_w.o(.text)
    .text                                    0x0800030c   Section        0  heapauxi.o(.text)
    .text                                    0x08000312   Section        2  use_no_semi.o(.text)
    .text                                    0x08000314   Section        0  _rserrno.o(.text)
    .text                                    0x0800032c   Section        0  _printf_char_file.o(.text)
    .text                                    0x08000350   Section        8  rt_errno_addr_intlibspace.o(.text)
    .text                                    0x08000358   Section        0  _printf_char_common.o(.text)
    _printf_input_char                       0x08000359   Thumb Code    10  _printf_char_common.o(.text)
    .text                                    0x08000388   Section        0  ferror.o(.text)
    .text                                    0x08000390   Section        8  libspace.o(.text)
    .text                                    0x08000398   Section       74  sys_stackheap_outer.o(.text)
    .text                                    0x080003e2   Section        0  __printf_nopercent.o(.text)
    .text                                    0x0800040a   Section        0  exit.o(.text)
    i.Beep_Init                              0x0800041c   Section        0  beep.o(i.Beep_Init)
    i.Beep_OFF                               0x080004bc   Section        0  beep.o(i.Beep_OFF)
    i.Beep_ON                                0x080004cc   Section        0  beep.o(i.Beep_ON)
    i.BusFault_Handler                       0x080004dc   Section        0  stm32f4xx_it.o(i.BusFault_Handler)
    i.CAN1_Init                              0x080004e0   Section        0  can.o(i.CAN1_Init)
    i.CAN1_RX0_IRQHandler                    0x08000620   Section        0  can.o(i.CAN1_RX0_IRQHandler)
    i.CAN1_TX                                0x080006a0   Section        0  can.o(i.CAN1_TX)
    i.CAN1_TX_IRQHandler                     0x0800071c   Section        0  can.o(i.CAN1_TX_IRQHandler)
    i.CAN_ClearITPendingBit                  0x08000740   Section        0  stm32f4xx_can.o(i.CAN_ClearITPendingBit)
    i.CAN_DeInit                             0x080007e8   Section        0  stm32f4xx_can.o(i.CAN_DeInit)
    i.CAN_FilterInit                         0x08000820   Section        0  stm32f4xx_can.o(i.CAN_FilterInit)
    i.CAN_GetITStatus                        0x08000928   Section        0  stm32f4xx_can.o(i.CAN_GetITStatus)
    i.CAN_ITConfig                           0x08000a48   Section        0  stm32f4xx_can.o(i.CAN_ITConfig)
    i.CAN_Init                               0x08000a5a   Section        0  stm32f4xx_can.o(i.CAN_Init)
    i.CAN_Receive                            0x08000b6e   Section        0  stm32f4xx_can.o(i.CAN_Receive)
    i.CAN_StructInit                         0x08000c5e   Section        0  stm32f4xx_can.o(i.CAN_StructInit)
    i.CAN_Transmit                           0x08000c7e   Section        0  stm32f4xx_can.o(i.CAN_Transmit)
    i.Chassis_Control                        0x08000da4   Section        0  chassis.o(i.Chassis_Control)
    i.CheckITStatus                          0x08000e30   Section        0  stm32f4xx_can.o(i.CheckITStatus)
    CheckITStatus                            0x08000e31   Thumb Code    18  stm32f4xx_can.o(i.CheckITStatus)
    i.DebugMon_Handler                       0x08000e42   Section        0  stm32f4xx_it.o(i.DebugMon_Handler)
    i.GPIO_Init                              0x08000e44   Section        0  stm32f4xx_gpio.o(i.GPIO_Init)
    i.GPIO_PinAFConfig                       0x08000ed4   Section        0  stm32f4xx_gpio.o(i.GPIO_PinAFConfig)
    i.GPIO_ReadInputDataBit                  0x08000f1a   Section        0  stm32f4xx_gpio.o(i.GPIO_ReadInputDataBit)
    i.GPIO_ResetBits                         0x08000f2c   Section        0  stm32f4xx_gpio.o(i.GPIO_ResetBits)
    i.GPIO_SetBits                           0x08000f30   Section        0  stm32f4xx_gpio.o(i.GPIO_SetBits)
    i.HardFault_Handler                      0x08000f34   Section        0  stm32f4xx_it.o(i.HardFault_Handler)
    i.Heat_Init                              0x08000f38   Section        0  imu.o(i.Heat_Init)
    i.IMU_Get_Data                           0x08000fd8   Section        0  imu.o(i.IMU_Get_Data)
    i.IMU_Init                               0x080012dc   Section        0  imu.o(i.IMU_Init)
    i.IMU_track                              0x0800134c   Section        0  chassis.o(i.IMU_track)
    i.KalmanFilter                           0x080014b4   Section        0  kalman.o(i.KalmanFilter)
    i.LED_Init                               0x0800153c   Section        0  led.o(i.LED_Init)
    i.MPU6500_Gyro_Cali                      0x080015b4   Section        0  imu.o(i.MPU6500_Gyro_Cali)
    i.MPU6500_Read_Reg                       0x0800173c   Section        0  imu.o(i.MPU6500_Read_Reg)
    i.MPU6500_Read_Regs                      0x08001768   Section        0  imu.o(i.MPU6500_Read_Regs)
    i.MPU6500_Write_Reg                      0x080017a0   Section        0  imu.o(i.MPU6500_Write_Reg)
    i.MadgwickAHRSupdateIMU                  0x080017cc   Section        0  imu.o(i.MadgwickAHRSupdateIMU)
    i.MemManage_Handler                      0x08001d10   Section        0  stm32f4xx_it.o(i.MemManage_Handler)
    i.NMI_Handler                            0x08001d14   Section        0  stm32f4xx_it.o(i.NMI_Handler)
    i.NVIC_Init                              0x08001d18   Section        0  misc.o(i.NVIC_Init)
    i.NVIC_PriorityGroupConfig               0x08001d90   Section        0  misc.o(i.NVIC_PriorityGroupConfig)
    i.PID_Calc                               0x08001da4   Section        0  pid.o(i.PID_Calc)
    i.PID_Init                               0x08002074   Section        0  pid.o(i.PID_Init)
    i.PID_track                              0x080021cc   Section        0  chassis.o(i.PID_track)
    i.PendSV_Handler                         0x080023b4   Section        0  stm32f4xx_it.o(i.PendSV_Handler)
    i.RCC_AHB1PeriphClockCmd                 0x080023b8   Section        0  stm32f4xx_rcc.o(i.RCC_AHB1PeriphClockCmd)
    i.RCC_APB1PeriphClockCmd                 0x080023d8   Section        0  stm32f4xx_rcc.o(i.RCC_APB1PeriphClockCmd)
    i.RCC_APB1PeriphResetCmd                 0x080023f8   Section        0  stm32f4xx_rcc.o(i.RCC_APB1PeriphResetCmd)
    i.RCC_APB2PeriphClockCmd                 0x08002418   Section        0  stm32f4xx_rcc.o(i.RCC_APB2PeriphClockCmd)
    i.RCC_APB2PeriphResetCmd                 0x08002438   Section        0  stm32f4xx_rcc.o(i.RCC_APB2PeriphResetCmd)
    i.RCC_GetClocksFreq                      0x08002458   Section        0  stm32f4xx_rcc.o(i.RCC_GetClocksFreq)
    i.SPI5_ReadWriteByte                     0x08002540   Section        0  spi.o(i.SPI5_ReadWriteByte)
    i.SPI_Cmd                                0x08002578   Section        0  stm32f4xx_spi.o(i.SPI_Cmd)
    i.SPI_GPIO_InitConfig                    0x08002590   Section        0  spi.o(i.SPI_GPIO_InitConfig)
    i.SPI_I2S_GetFlagStatus                  0x08002670   Section        0  stm32f4xx_spi.o(i.SPI_I2S_GetFlagStatus)
    i.SPI_I2S_ReceiveData                    0x08002682   Section        0  stm32f4xx_spi.o(i.SPI_I2S_ReceiveData)
    i.SPI_I2S_SendData                       0x08002688   Section        0  stm32f4xx_spi.o(i.SPI_I2S_SendData)
    i.SPI_Init                               0x0800268c   Section        0  stm32f4xx_spi.o(i.SPI_Init)
    i.SVC_Handler                            0x080026c8   Section        0  stm32f4xx_it.o(i.SVC_Handler)
    i.SetSysClock                            0x080026cc   Section        0  system_stm32f4xx.o(i.SetSysClock)
    SetSysClock                              0x080026cd   Thumb Code   272  system_stm32f4xx.o(i.SetSysClock)
    i.Stop                                   0x080027ec   Section        0  chassis.o(i.Stop)
    i.SysTick_CLKSourceConfig                0x08002810   Section        0  misc.o(i.SysTick_CLKSourceConfig)
    i.SysTick_Handler                        0x08002838   Section        0  tim2.o(i.SysTick_Handler)
    i.SysTick_Init                           0x08002860   Section        0  tim2.o(i.SysTick_Init)
    i.SystemInit                             0x080028c8   Section        0  system_stm32f4xx.o(i.SystemInit)
    i.TIM2_IRQHandler                        0x08002930   Section        0  tim2.o(i.TIM2_IRQHandler)
    i.TIM2_Init                              0x08002a00   Section        0  tim2.o(i.TIM2_Init)
    i.TIM_ARRPreloadConfig                   0x08002a62   Section        0  stm32f4xx_tim.o(i.TIM_ARRPreloadConfig)
    i.TIM_ClearFlag                          0x08002a7a   Section        0  stm32f4xx_tim.o(i.TIM_ClearFlag)
    i.TIM_ClearITPendingBit                  0x08002a80   Section        0  stm32f4xx_tim.o(i.TIM_ClearITPendingBit)
    i.TIM_Cmd                                0x08002a86   Section        0  stm32f4xx_tim.o(i.TIM_Cmd)
    i.TIM_GetITStatus                        0x08002a9e   Section        0  stm32f4xx_tim.o(i.TIM_GetITStatus)
    i.TIM_ITConfig                           0x08002ac0   Section        0  stm32f4xx_tim.o(i.TIM_ITConfig)
    i.TIM_OC1Init                            0x08002ad4   Section        0  stm32f4xx_tim.o(i.TIM_OC1Init)
    i.TIM_OC1PreloadConfig                   0x08002b50   Section        0  stm32f4xx_tim.o(i.TIM_OC1PreloadConfig)
    i.TIM_OC2Init                            0x08002b64   Section        0  stm32f4xx_tim.o(i.TIM_OC2Init)
    i.TIM_OC2PreloadConfig                   0x08002c08   Section        0  stm32f4xx_tim.o(i.TIM_OC2PreloadConfig)
    i.TIM_OC4Init                            0x08002c24   Section        0  stm32f4xx_tim.o(i.TIM_OC4Init)
    i.TIM_OC4PreloadConfig                   0x08002c9c   Section        0  stm32f4xx_tim.o(i.TIM_OC4PreloadConfig)
    i.TIM_SetCompare1                        0x08002cb6   Section        0  stm32f4xx_tim.o(i.TIM_SetCompare1)
    i.TIM_SetCompare4                        0x08002cba   Section        0  stm32f4xx_tim.o(i.TIM_SetCompare4)
    i.TIM_TimeBaseInit                       0x08002cc0   Section        0  stm32f4xx_tim.o(i.TIM_TimeBaseInit)
    i.USART6_IRQHandler                      0x08002d44   Section        0  usart.o(i.USART6_IRQHandler)
    i.USART6_Init                            0x08002d60   Section        0  usart.o(i.USART6_Init)
    i.USART_ClearFlag                        0x08002e34   Section        0  stm32f4xx_usart.o(i.USART_ClearFlag)
    i.USART_Cmd                              0x08002e46   Section        0  stm32f4xx_usart.o(i.USART_Cmd)
    i.USART_GetFlagStatus                    0x08002e5e   Section        0  stm32f4xx_usart.o(i.USART_GetFlagStatus)
    i.USART_GetITStatus                      0x08002e78   Section        0  stm32f4xx_usart.o(i.USART_GetITStatus)
    i.USART_ITConfig                         0x08002ecc   Section        0  stm32f4xx_usart.o(i.USART_ITConfig)
    i.USART_Init                             0x08002f18   Section        0  stm32f4xx_usart.o(i.USART_Init)
    i.USART_SendData                         0x08002fec   Section        0  stm32f4xx_usart.o(i.USART_SendData)
    i.UsageFault_Handler                     0x08002ff4   Section        0  stm32f4xx_it.o(i.UsageFault_Handler)
    i.__ARM_fpclassify                       0x08002ff8   Section        0  fpclassify.o(i.__ARM_fpclassify)
    i.__hardfp_asin                          0x08003028   Section        0  asin.o(i.__hardfp_asin)
    i.__hardfp_atan                          0x08003388   Section        0  atan.o(i.__hardfp_atan)
    i.__hardfp_atan2                         0x08003660   Section        0  atan2.o(i.__hardfp_atan2)
    i.__hardfp_fabs                          0x08003850   Section        0  fabs.o(i.__hardfp_fabs)
    i.__kernel_poly                          0x08003864   Section        0  poly.o(i.__kernel_poly)
    i.__mathlib_dbl_infnan                   0x0800395c   Section        0  dunder.o(i.__mathlib_dbl_infnan)
    i.__mathlib_dbl_infnan2                  0x08003970   Section        0  dunder.o(i.__mathlib_dbl_infnan2)
    i.__mathlib_dbl_invalid                  0x08003988   Section        0  dunder.o(i.__mathlib_dbl_invalid)
    i.__mathlib_dbl_underflow                0x080039a8   Section        0  dunder.o(i.__mathlib_dbl_underflow)
    i._sys_exit                              0x080039c8   Section        0  usart.o(i._sys_exit)
    i.atan                                   0x080039cc   Section        0  atan.o(i.atan)
    i.delay_init                             0x080039dc   Section        0  delay.o(i.delay_init)
    i.delay_ms                               0x08003a18   Section        0  delay.o(i.delay_ms)
    i.fabs                                   0x08003a2c   Section        0  fabs.o(i.fabs)
    i.fputc                                  0x08003a44   Section        0  usart.o(i.fputc)
    i.gray_sensor_init                       0x08003a68   Section        0  gray_sensor.o(i.gray_sensor_init)
    i.inv_sqrt                               0x08003ad0   Section        0  imu.o(i.inv_sqrt)
    i.kalmanCreate                           0x08003b0c   Section        0  kalman.o(i.kalmanCreate)
    i.led_against                            0x08003b44   Section        0  led.o(i.led_against)
    i.main                                   0x08003bac   Section        0  main.o(i.main)
    i.sqrt                                   0x08003c08   Section        0  sqrt.o(i.sqrt)
    i.steering_init                          0x08003c78   Section        0  steering.o(i.steering_init)
    i.task                                   0x08003d18   Section        0  task.o(i.task)
    x$fpl$basic                              0x08004148   Section       24  basic.o(x$fpl$basic)
    $v0                                      0x08004148   Number         0  basic.o(x$fpl$basic)
    x$fpl$d2f                                0x08004160   Section       98  d2f.o(x$fpl$d2f)
    $v0                                      0x08004160   Number         0  d2f.o(x$fpl$d2f)
    x$fpl$dadd                               0x080041c4   Section      336  daddsub_clz.o(x$fpl$dadd)
    $v0                                      0x080041c4   Number         0  daddsub_clz.o(x$fpl$dadd)
    _dadd1                                   0x080041d5   Thumb Code     0  daddsub_clz.o(x$fpl$dadd)
    x$fpl$dcmpinf                            0x08004314   Section       24  dcmpi.o(x$fpl$dcmpinf)
    $v0                                      0x08004314   Number         0  dcmpi.o(x$fpl$dcmpinf)
    x$fpl$ddiv                               0x0800432c   Section      688  ddiv.o(x$fpl$ddiv)
    $v0                                      0x0800432c   Number         0  ddiv.o(x$fpl$ddiv)
    ddiv_entry                               0x08004333   Thumb Code     0  ddiv.o(x$fpl$ddiv)
    x$fpl$deqf                               0x080045dc   Section      120  deqf.o(x$fpl$deqf)
    $v0                                      0x080045dc   Number         0  deqf.o(x$fpl$deqf)
    x$fpl$dleqf                              0x08004654   Section      120  dleqf.o(x$fpl$dleqf)
    $v0                                      0x08004654   Number         0  dleqf.o(x$fpl$dleqf)
    x$fpl$dmul                               0x080046cc   Section      340  dmul.o(x$fpl$dmul)
    $v0                                      0x080046cc   Number         0  dmul.o(x$fpl$dmul)
    x$fpl$dnaninf                            0x08004820   Section      156  dnaninf.o(x$fpl$dnaninf)
    $v0                                      0x08004820   Number         0  dnaninf.o(x$fpl$dnaninf)
    x$fpl$dretinf                            0x080048bc   Section       12  dretinf.o(x$fpl$dretinf)
    $v0                                      0x080048bc   Number         0  dretinf.o(x$fpl$dretinf)
    x$fpl$drleqf                             0x080048c8   Section      108  drleqf.o(x$fpl$drleqf)
    $v0                                      0x080048c8   Number         0  drleqf.o(x$fpl$drleqf)
    x$fpl$drsb                               0x08004934   Section       22  daddsub_clz.o(x$fpl$drsb)
    $v0                                      0x08004934   Number         0  daddsub_clz.o(x$fpl$drsb)
    x$fpl$dsqrt                              0x0800494c   Section      408  dsqrt_umaal.o(x$fpl$dsqrt)
    $v0                                      0x0800494c   Number         0  dsqrt_umaal.o(x$fpl$dsqrt)
    x$fpl$dsub                               0x08004ae4   Section      468  daddsub_clz.o(x$fpl$dsub)
    $v0                                      0x08004ae4   Number         0  daddsub_clz.o(x$fpl$dsub)
    _dsub1                                   0x08004af5   Thumb Code     0  daddsub_clz.o(x$fpl$dsub)
    x$fpl$f2d                                0x08004cb8   Section       86  f2d.o(x$fpl$f2d)
    $v0                                      0x08004cb8   Number         0  f2d.o(x$fpl$f2d)
    x$fpl$fnaninf                            0x08004d0e   Section      140  fnaninf.o(x$fpl$fnaninf)
    $v0                                      0x08004d0e   Number         0  fnaninf.o(x$fpl$fnaninf)
    x$fpl$fpinit                             0x08004d9a   Section       10  fpinit.o(x$fpl$fpinit)
    $v0                                      0x08004d9a   Number         0  fpinit.o(x$fpl$fpinit)
    x$fpl$fretinf                            0x08004da4   Section       10  fretinf.o(x$fpl$fretinf)
    $v0                                      0x08004da4   Number         0  fretinf.o(x$fpl$fretinf)
    x$fpl$usenofp                            0x08004dae   Section        0  usenofp.o(x$fpl$usenofp)
    .constdata                               0x08004db0   Section       20  imu.o(.constdata)
    .constdata                               0x08004dc8   Section       80  asin.o(.constdata)
    pS                                       0x08004dc8   Data          48  asin.o(.constdata)
    qS                                       0x08004df8   Data          32  asin.o(.constdata)
    .constdata                               0x08004e18   Section      152  atan.o(.constdata)
    atanhi                                   0x08004e18   Data          32  atan.o(.constdata)
    atanlo                                   0x08004e38   Data          32  atan.o(.constdata)
    aTodd                                    0x08004e58   Data          40  atan.o(.constdata)
    aTeven                                   0x08004e80   Data          48  atan.o(.constdata)
    .constdata                               0x08004eb0   Section        8  qnan.o(.constdata)
    .conststring                             0x08004eb8   Section       77  main.o(.conststring)
    .data                                    0x20000000   Section       16  stm32f4xx_rcc.o(.data)
    APBAHBPrescTable                         0x20000000   Data          16  stm32f4xx_rcc.o(.data)
    .data                                    0x20000010   Section        4  delay.o(.data)
    fac_us                                   0x20000010   Data           1  delay.o(.data)
    fac_ms                                   0x20000012   Data           2  delay.o(.data)
    .data                                    0x20000014   Section        4  usart.o(.data)
    .data                                    0x20000018   Section        8  main.o(.data)
    .data                                    0x20000020   Section       20  system_stm32f4xx.o(.data)
    .data                                    0x20000034   Section        9  can.o(.data)
    .data                                    0x20000040   Section        4  led.o(.data)
    .data                                    0x20000044   Section       12  tim2.o(.data)
    .data                                    0x20000050   Section       44  chassis.o(.data)
    lasterror                                0x2000006c   Data           4  chassis.o(.data)
    iout                                     0x20000070   Data           4  chassis.o(.data)
    lasterror                                0x20000074   Data           4  chassis.o(.data)
    iout                                     0x20000078   Data           4  chassis.o(.data)
    .data                                    0x2000007c   Section        4  task.o(.data)
    .data                                    0x20000080   Section       40  imu.o(.data)
    .bss                                     0x200000a8   Section      124  imu.o(.bss)
    .bss                                     0x20000124   Section      152  pid.o(.bss)
    .bss                                     0x200001bc   Section       96  libspace.o(.bss)
    HEAP                                     0x20000220   Section      512  startup_stm32f427xx.o(HEAP)
    Heap_Mem                                 0x20000220   Data         512  startup_stm32f427xx.o(HEAP)
    STACK                                    0x20000420   Section     1024  startup_stm32f427xx.o(STACK)
    Stack_Mem                                0x20000420   Data        1024  startup_stm32f427xx.o(STACK)
    __initial_sp                             0x20000820   Data           0  startup_stm32f427xx.o(STACK)

    Global Symbols

    Symbol Name                              Value     Ov Type        Size  Object(Section)

    BuildAttributes$$THM_ISAv4$E$P$D$K$B$S$7EM$VFPi3$EXTD16$VFPS$VFMA$PE$A:L22UL41UL21$X:L11$S22US41US21$IEEE1$IW$USESV6$~STKCKD$USESV7$~SHL$OTIME$ROPI$IEEEX$EBA8$UX$STANDARDLIB$REQ8$PRES8$EABIv2 0x00000000   Number         0  anon$$obj.o ABSOLUTE
    __ARM_use_no_argv                        0x00000000   Number         0  main.o ABSOLUTE
    __ARM_exceptions_init                     - Undefined Weak Reference
    __alloca_initialize                       - Undefined Weak Reference
    __arm_preinit_                            - Undefined Weak Reference
    __cpp_initialize__aeabi_                  - Undefined Weak Reference
    __cxa_finalize                            - Undefined Weak Reference
    __rt_locale                               - Undefined Weak Reference
    __sigvec_lookup                           - Undefined Weak Reference
    _atexit_init                              - Undefined Weak Reference
    _call_atexit_fns                          - Undefined Weak Reference
    _clock_init                               - Undefined Weak Reference
    _fp_trap_init                             - Undefined Weak Reference
    _fp_trap_shutdown                         - Undefined Weak Reference
    _get_lc_collate                           - Undefined Weak Reference
    _get_lc_ctype                             - Undefined Weak Reference
    _get_lc_monetary                          - Undefined Weak Reference
    _get_lc_numeric                           - Undefined Weak Reference
    _get_lc_time                              - Undefined Weak Reference
    _getenv_init                              - Undefined Weak Reference
    _handle_redirection                       - Undefined Weak Reference
    _init_alloc                               - Undefined Weak Reference
    _init_user_alloc                          - Undefined Weak Reference
    _initio                                   - Undefined Weak Reference
    _mutex_acquire                            - Undefined Weak Reference
    _mutex_release                            - Undefined Weak Reference
    _rand_init                                - Undefined Weak Reference
    _signal_finish                            - Undefined Weak Reference
    _signal_init                              - Undefined Weak Reference
    _terminate_alloc                          - Undefined Weak Reference
    _terminate_user_alloc                     - Undefined Weak Reference
    _terminateio                              - Undefined Weak Reference
    __Vectors_Size                           0x000001ac   Number         0  startup_stm32f427xx.o ABSOLUTE
    __Vectors                                0x08000000   Data           4  startup_stm32f427xx.o(RESET)
    __Vectors_End                            0x080001ac   Data           0  startup_stm32f427xx.o(RESET)
    __main                                   0x080001ad   Thumb Code     8  __main.o(!!!main)
    __scatterload                            0x080001b5   Thumb Code     0  __scatter.o(!!!scatter)
    __scatterload_rt2                        0x080001b5   Thumb Code    44  __scatter.o(!!!scatter)
    __scatterload_rt2_thumb_only             0x080001b5   Thumb Code     0  __scatter.o(!!!scatter)
    __scatterload_null                       0x080001c3   Thumb Code     0  __scatter.o(!!!scatter)
    __scatterload_copy                       0x080001e9   Thumb Code    26  __scatter_copy.o(!!handler_copy)
    __scatterload_zeroinit                   0x08000205   Thumb Code    28  __scatter_zi.o(!!handler_zi)
    __rt_lib_init                            0x08000221   Thumb Code     0  libinit.o(.ARM.Collect$$libinit$$00000000)
    __rt_lib_init_fp_1                       0x08000223   Thumb Code     0  libinit2.o(.ARM.Collect$$libinit$$00000001)
    __rt_lib_init_alloca_1                   0x08000227   Thumb Code     0  libinit2.o(.ARM.Collect$$libinit$$0000002E)
    __rt_lib_init_argv_1                     0x08000227   Thumb Code     0  libinit2.o(.ARM.Collect$$libinit$$0000002C)
    __rt_lib_init_atexit_1                   0x08000227   Thumb Code     0  libinit2.o(.ARM.Collect$$libinit$$0000001B)
    __rt_lib_init_clock_1                    0x08000227   Thumb Code     0  libinit2.o(.ARM.Collect$$libinit$$00000021)
    __rt_lib_init_cpp_1                      0x08000227   Thumb Code     0  libinit2.o(.ARM.Collect$$libinit$$00000032)
    __rt_lib_init_exceptions_1               0x08000227   Thumb Code     0  libinit2.o(.ARM.Collect$$libinit$$00000030)
    __rt_lib_init_fp_trap_1                  0x08000227   Thumb Code     0  libinit2.o(.ARM.Collect$$libinit$$0000001F)
    __rt_lib_init_getenv_1                   0x08000227   Thumb Code     0  libinit2.o(.ARM.Collect$$libinit$$00000023)
    __rt_lib_init_heap_1                     0x08000227   Thumb Code     0  libinit2.o(.ARM.Collect$$libinit$$0000000A)
    __rt_lib_init_lc_collate_1               0x08000227   Thumb Code     0  libinit2.o(.ARM.Collect$$libinit$$00000011)
    __rt_lib_init_lc_ctype_1                 0x08000227   Thumb Code     0  libinit2.o(.ARM.Collect$$libinit$$00000013)
    __rt_lib_init_lc_monetary_1              0x08000227   Thumb Code     0  libinit2.o(.ARM.Collect$$libinit$$00000015)
    __rt_lib_init_lc_numeric_1               0x08000227   Thumb Code     0  libinit2.o(.ARM.Collect$$libinit$$00000017)
    __rt_lib_init_lc_time_1                  0x08000227   Thumb Code     0  libinit2.o(.ARM.Collect$$libinit$$00000019)
    __rt_lib_init_preinit_1                  0x08000227   Thumb Code     0  libinit2.o(.ARM.Collect$$libinit$$00000004)
    __rt_lib_init_rand_1                     0x08000227   Thumb Code     0  libinit2.o(.ARM.Collect$$libinit$$0000000E)
    __rt_lib_init_return                     0x08000227   Thumb Code     0  libinit2.o(.ARM.Collect$$libinit$$00000033)
    __rt_lib_init_signal_1                   0x08000227   Thumb Code     0  libinit2.o(.ARM.Collect$$libinit$$0000001D)
    __rt_lib_init_stdio_1                    0x08000227   Thumb Code     0  libinit2.o(.ARM.Collect$$libinit$$00000025)
    __rt_lib_init_user_alloc_1               0x08000227   Thumb Code     0  libinit2.o(.ARM.Collect$$libinit$$0000000C)
    __rt_lib_shutdown                        0x08000229   Thumb Code     0  libshutdown.o(.ARM.Collect$$libshutdown$$00000000)
    __rt_lib_shutdown_cpp_1                  0x0800022b   Thumb Code     0  libshutdown2.o(.ARM.Collect$$libshutdown$$00000002)
    __rt_lib_shutdown_fp_trap_1              0x0800022b   Thumb Code     0  libshutdown2.o(.ARM.Collect$$libshutdown$$00000007)
    __rt_lib_shutdown_heap_1                 0x0800022b   Thumb Code     0  libshutdown2.o(.ARM.Collect$$libshutdown$$0000000F)
    __rt_lib_shutdown_return                 0x0800022b   Thumb Code     0  libshutdown2.o(.ARM.Collect$$libshutdown$$00000010)
    __rt_lib_shutdown_signal_1               0x0800022b   Thumb Code     0  libshutdown2.o(.ARM.Collect$$libshutdown$$0000000A)
    __rt_lib_shutdown_stdio_1                0x0800022b   Thumb Code     0  libshutdown2.o(.ARM.Collect$$libshutdown$$00000004)
    __rt_lib_shutdown_user_alloc_1           0x0800022b   Thumb Code     0  libshutdown2.o(.ARM.Collect$$libshutdown$$0000000C)
    __rt_entry                               0x0800022d   Thumb Code     0  __rtentry.o(.ARM.Collect$$rtentry$$00000000)
    __rt_entry_presh_1                       0x0800022d   Thumb Code     0  __rtentry2.o(.ARM.Collect$$rtentry$$00000002)
    __rt_entry_sh                            0x0800022d   Thumb Code     0  __rtentry4.o(.ARM.Collect$$rtentry$$00000004)
    __rt_entry_li                            0x08000233   Thumb Code     0  __rtentry2.o(.ARM.Collect$$rtentry$$0000000A)
    __rt_entry_postsh_1                      0x08000233   Thumb Code     0  __rtentry2.o(.ARM.Collect$$rtentry$$00000009)
    __rt_entry_main                          0x08000237   Thumb Code     0  __rtentry2.o(.ARM.Collect$$rtentry$$0000000D)
    __rt_entry_postli_1                      0x08000237   Thumb Code     0  __rtentry2.o(.ARM.Collect$$rtentry$$0000000C)
    __rt_exit                                0x0800023f   Thumb Code     0  rtexit.o(.ARM.Collect$$rtexit$$00000000)
    __rt_exit_ls                             0x08000241   Thumb Code     0  rtexit2.o(.ARM.Collect$$rtexit$$00000003)
    __rt_exit_prels_1                        0x08000241   Thumb Code     0  rtexit2.o(.ARM.Collect$$rtexit$$00000002)
    __rt_exit_exit                           0x08000245   Thumb Code     0  rtexit2.o(.ARM.Collect$$rtexit$$00000004)
    Reset_Handler                            0x0800024d   Thumb Code     8  startup_stm32f427xx.o(.text)
    ADC_IRQHandler                           0x08000267   Thumb Code     0  startup_stm32f427xx.o(.text)
    CAN1_RX1_IRQHandler                      0x08000267   Thumb Code     0  startup_stm32f427xx.o(.text)
    CAN1_SCE_IRQHandler                      0x08000267   Thumb Code     0  startup_stm32f427xx.o(.text)
    CAN2_RX0_IRQHandler                      0x08000267   Thumb Code     0  startup_stm32f427xx.o(.text)
    CAN2_RX1_IRQHandler                      0x08000267   Thumb Code     0  startup_stm32f427xx.o(.text)
    CAN2_SCE_IRQHandler                      0x08000267   Thumb Code     0  startup_stm32f427xx.o(.text)
    CAN2_TX_IRQHandler                       0x08000267   Thumb Code     0  startup_stm32f427xx.o(.text)
    DCMI_IRQHandler                          0x08000267   Thumb Code     0  startup_stm32f427xx.o(.text)
    DMA1_Stream0_IRQHandler                  0x08000267   Thumb Code     0  startup_stm32f427xx.o(.text)
    DMA1_Stream1_IRQHandler                  0x08000267   Thumb Code     0  startup_stm32f427xx.o(.text)
    DMA1_Stream2_IRQHandler                  0x08000267   Thumb Code     0  startup_stm32f427xx.o(.text)
    DMA1_Stream3_IRQHandler                  0x08000267   Thumb Code     0  startup_stm32f427xx.o(.text)
    DMA1_Stream4_IRQHandler                  0x08000267   Thumb Code     0  startup_stm32f427xx.o(.text)
    DMA1_Stream5_IRQHandler                  0x08000267   Thumb Code     0  startup_stm32f427xx.o(.text)
    DMA1_Stream6_IRQHandler                  0x08000267   Thumb Code     0  startup_stm32f427xx.o(.text)
    DMA1_Stream7_IRQHandler                  0x08000267   Thumb Code     0  startup_stm32f427xx.o(.text)
    DMA2D_IRQHandler                         0x08000267   Thumb Code     0  startup_stm32f427xx.o(.text)
    DMA2_Stream0_IRQHandler                  0x08000267   Thumb Code     0  startup_stm32f427xx.o(.text)
    DMA2_Stream1_IRQHandler                  0x08000267   Thumb Code     0  startup_stm32f427xx.o(.text)
    DMA2_Stream2_IRQHandler                  0x08000267   Thumb Code     0  startup_stm32f427xx.o(.text)
    DMA2_Stream3_IRQHandler                  0x08000267   Thumb Code     0  startup_stm32f427xx.o(.text)
    DMA2_Stream4_IRQHandler                  0x08000267   Thumb Code     0  startup_stm32f427xx.o(.text)
    DMA2_Stream5_IRQHandler                  0x08000267   Thumb Code     0  startup_stm32f427xx.o(.text)
    DMA2_Stream6_IRQHandler                  0x08000267   Thumb Code     0  startup_stm32f427xx.o(.text)
    DMA2_Stream7_IRQHandler                  0x08000267   Thumb Code     0  startup_stm32f427xx.o(.text)
    ETH_IRQHandler                           0x08000267   Thumb Code     0  startup_stm32f427xx.o(.text)
    ETH_WKUP_IRQHandler                      0x08000267   Thumb Code     0  startup_stm32f427xx.o(.text)
    EXTI0_IRQHandler                         0x08000267   Thumb Code     0  startup_stm32f427xx.o(.text)
    EXTI15_10_IRQHandler                     0x08000267   Thumb Code     0  startup_stm32f427xx.o(.text)
    EXTI1_IRQHandler                         0x08000267   Thumb Code     0  startup_stm32f427xx.o(.text)
    EXTI2_IRQHandler                         0x08000267   Thumb Code     0  startup_stm32f427xx.o(.text)
    EXTI3_IRQHandler                         0x08000267   Thumb Code     0  startup_stm32f427xx.o(.text)
    EXTI4_IRQHandler                         0x08000267   Thumb Code     0  startup_stm32f427xx.o(.text)
    EXTI9_5_IRQHandler                       0x08000267   Thumb Code     0  startup_stm32f427xx.o(.text)
    FLASH_IRQHandler                         0x08000267   Thumb Code     0  startup_stm32f427xx.o(.text)
    FMC_IRQHandler                           0x08000267   Thumb Code     0  startup_stm32f427xx.o(.text)
    FPU_IRQHandler                           0x08000267   Thumb Code     0  startup_stm32f427xx.o(.text)
    HASH_RNG_IRQHandler                      0x08000267   Thumb Code     0  startup_stm32f427xx.o(.text)
    I2C1_ER_IRQHandler                       0x08000267   Thumb Code     0  startup_stm32f427xx.o(.text)
    I2C1_EV_IRQHandler                       0x08000267   Thumb Code     0  startup_stm32f427xx.o(.text)
    I2C2_ER_IRQHandler                       0x08000267   Thumb Code     0  startup_stm32f427xx.o(.text)
    I2C2_EV_IRQHandler                       0x08000267   Thumb Code     0  startup_stm32f427xx.o(.text)
    I2C3_ER_IRQHandler                       0x08000267   Thumb Code     0  startup_stm32f427xx.o(.text)
    I2C3_EV_IRQHandler                       0x08000267   Thumb Code     0  startup_stm32f427xx.o(.text)
    OTG_FS_IRQHandler                        0x08000267   Thumb Code     0  startup_stm32f427xx.o(.text)
    OTG_FS_WKUP_IRQHandler                   0x08000267   Thumb Code     0  startup_stm32f427xx.o(.text)
    OTG_HS_EP1_IN_IRQHandler                 0x08000267   Thumb Code     0  startup_stm32f427xx.o(.text)
    OTG_HS_EP1_OUT_IRQHandler                0x08000267   Thumb Code     0  startup_stm32f427xx.o(.text)
    OTG_HS_IRQHandler                        0x08000267   Thumb Code     0  startup_stm32f427xx.o(.text)
    OTG_HS_WKUP_IRQHandler                   0x08000267   Thumb Code     0  startup_stm32f427xx.o(.text)
    PVD_IRQHandler                           0x08000267   Thumb Code     0  startup_stm32f427xx.o(.text)
    RCC_IRQHandler                           0x08000267   Thumb Code     0  startup_stm32f427xx.o(.text)
    RTC_Alarm_IRQHandler                     0x08000267   Thumb Code     0  startup_stm32f427xx.o(.text)
    RTC_WKUP_IRQHandler                      0x08000267   Thumb Code     0  startup_stm32f427xx.o(.text)
    SAI1_IRQHandler                          0x08000267   Thumb Code     0  startup_stm32f427xx.o(.text)
    SDIO_IRQHandler                          0x08000267   Thumb Code     0  startup_stm32f427xx.o(.text)
    SPI1_IRQHandler                          0x08000267   Thumb Code     0  startup_stm32f427xx.o(.text)
    SPI2_IRQHandler                          0x08000267   Thumb Code     0  startup_stm32f427xx.o(.text)
    SPI3_IRQHandler                          0x08000267   Thumb Code     0  startup_stm32f427xx.o(.text)
    SPI4_IRQHandler                          0x08000267   Thumb Code     0  startup_stm32f427xx.o(.text)
    SPI5_IRQHandler                          0x08000267   Thumb Code     0  startup_stm32f427xx.o(.text)
    SPI6_IRQHandler                          0x08000267   Thumb Code     0  startup_stm32f427xx.o(.text)
    TAMP_STAMP_IRQHandler                    0x08000267   Thumb Code     0  startup_stm32f427xx.o(.text)
    TIM1_BRK_TIM9_IRQHandler                 0x08000267   Thumb Code     0  startup_stm32f427xx.o(.text)
    TIM1_CC_IRQHandler                       0x08000267   Thumb Code     0  startup_stm32f427xx.o(.text)
    TIM1_TRG_COM_TIM11_IRQHandler            0x08000267   Thumb Code     0  startup_stm32f427xx.o(.text)
    TIM1_UP_TIM10_IRQHandler                 0x08000267   Thumb Code     0  startup_stm32f427xx.o(.text)
    TIM3_IRQHandler                          0x08000267   Thumb Code     0  startup_stm32f427xx.o(.text)
    TIM4_IRQHandler                          0x08000267   Thumb Code     0  startup_stm32f427xx.o(.text)
    TIM5_IRQHandler                          0x08000267   Thumb Code     0  startup_stm32f427xx.o(.text)
    TIM6_DAC_IRQHandler                      0x08000267   Thumb Code     0  startup_stm32f427xx.o(.text)
    TIM7_IRQHandler                          0x08000267   Thumb Code     0  startup_stm32f427xx.o(.text)
    TIM8_BRK_TIM12_IRQHandler                0x08000267   Thumb Code     0  startup_stm32f427xx.o(.text)
    TIM8_CC_IRQHandler                       0x08000267   Thumb Code     0  startup_stm32f427xx.o(.text)
    TIM8_TRG_COM_TIM14_IRQHandler            0x08000267   Thumb Code     0  startup_stm32f427xx.o(.text)
    TIM8_UP_TIM13_IRQHandler                 0x08000267   Thumb Code     0  startup_stm32f427xx.o(.text)
    UART4_IRQHandler                         0x08000267   Thumb Code     0  startup_stm32f427xx.o(.text)
    UART5_IRQHandler                         0x08000267   Thumb Code     0  startup_stm32f427xx.o(.text)
    UART7_IRQHandler                         0x08000267   Thumb Code     0  startup_stm32f427xx.o(.text)
    UART8_IRQHandler                         0x08000267   Thumb Code     0  startup_stm32f427xx.o(.text)
    USART1_IRQHandler                        0x08000267   Thumb Code     0  startup_stm32f427xx.o(.text)
    USART2_IRQHandler                        0x08000267   Thumb Code     0  startup_stm32f427xx.o(.text)
    USART3_IRQHandler                        0x08000267   Thumb Code     0  startup_stm32f427xx.o(.text)
    WWDG_IRQHandler                          0x08000267   Thumb Code     0  startup_stm32f427xx.o(.text)
    __user_initial_stackheap                 0x08000269   Thumb Code     0  startup_stm32f427xx.o(.text)
    __use_no_semihosting                     0x0800028d   Thumb Code     2  use_no_semi_2.o(.text)
    __2printf                                0x08000291   Thumb Code    20  noretval__2printf.o(.text)
    __aeabi_memcpy4                          0x080002a9   Thumb Code     0  rt_memcpy_w.o(.text)
    __aeabi_memcpy8                          0x080002a9   Thumb Code     0  rt_memcpy_w.o(.text)
    __rt_memcpy_w                            0x080002a9   Thumb Code   100  rt_memcpy_w.o(.text)
    _memcpy_lastbytes_aligned                0x080002f1   Thumb Code     0  rt_memcpy_w.o(.text)
    __use_two_region_memory                  0x0800030d   Thumb Code     2  heapauxi.o(.text)
    __rt_heap_escrow$2region                 0x0800030f   Thumb Code     2  heapauxi.o(.text)
    __rt_heap_expand$2region                 0x08000311   Thumb Code     2  heapauxi.o(.text)
    __I$use$semihosting                      0x08000313   Thumb Code     0  use_no_semi.o(.text)
    __use_no_semihosting_swi                 0x08000313   Thumb Code     2  use_no_semi.o(.text)
    __read_errno                             0x08000315   Thumb Code    10  _rserrno.o(.text)
    __set_errno                              0x0800031f   Thumb Code    12  _rserrno.o(.text)
    _printf_char_file                        0x0800032d   Thumb Code    32  _printf_char_file.o(.text)
    __aeabi_errno_addr                       0x08000351   Thumb Code     8  rt_errno_addr_intlibspace.o(.text)
    __errno$intlibspace                      0x08000351   Thumb Code     0  rt_errno_addr_intlibspace.o(.text)
    __rt_errno_addr$intlibspace              0x08000351   Thumb Code     0  rt_errno_addr_intlibspace.o(.text)
    _printf_char_common                      0x08000363   Thumb Code    32  _printf_char_common.o(.text)
    ferror                                   0x08000389   Thumb Code     8  ferror.o(.text)
    __user_libspace                          0x08000391   Thumb Code     8  libspace.o(.text)
    __user_perproc_libspace                  0x08000391   Thumb Code     0  libspace.o(.text)
    __user_perthread_libspace                0x08000391   Thumb Code     0  libspace.o(.text)
    __user_setup_stackheap                   0x08000399   Thumb Code    74  sys_stackheap_outer.o(.text)
    __printf                                 0x080003e3   Thumb Code    40  __printf_nopercent.o(.text)
    exit                                     0x0800040b   Thumb Code    18  exit.o(.text)
    Beep_Init                                0x0800041d   Thumb Code   152  beep.o(i.Beep_Init)
    Beep_OFF                                 0x080004bd   Thumb Code    12  beep.o(i.Beep_OFF)
    Beep_ON                                  0x080004cd   Thumb Code    12  beep.o(i.Beep_ON)
    BusFault_Handler                         0x080004dd   Thumb Code     4  stm32f4xx_it.o(i.BusFault_Handler)
    CAN1_Init                                0x080004e1   Thumb Code   310  can.o(i.CAN1_Init)
    CAN1_RX0_IRQHandler                      0x08000621   Thumb Code   114  can.o(i.CAN1_RX0_IRQHandler)
    CAN1_TX                                  0x080006a1   Thumb Code   108  can.o(i.CAN1_TX)
    CAN1_TX_IRQHandler                       0x0800071d   Thumb Code    28  can.o(i.CAN1_TX_IRQHandler)
    CAN_ClearITPendingBit                    0x08000741   Thumb Code   162  stm32f4xx_can.o(i.CAN_ClearITPendingBit)
    CAN_DeInit                               0x080007e9   Thumb Code    50  stm32f4xx_can.o(i.CAN_DeInit)
    CAN_FilterInit                           0x08000821   Thumb Code   258  stm32f4xx_can.o(i.CAN_FilterInit)
    CAN_GetITStatus                          0x08000929   Thumb Code   284  stm32f4xx_can.o(i.CAN_GetITStatus)
    CAN_ITConfig                             0x08000a49   Thumb Code    18  stm32f4xx_can.o(i.CAN_ITConfig)
    CAN_Init                                 0x08000a5b   Thumb Code   276  stm32f4xx_can.o(i.CAN_Init)
    CAN_Receive                              0x08000b6f   Thumb Code   240  stm32f4xx_can.o(i.CAN_Receive)
    CAN_StructInit                           0x08000c5f   Thumb Code    32  stm32f4xx_can.o(i.CAN_StructInit)
    CAN_Transmit                             0x08000c7f   Thumb Code   294  stm32f4xx_can.o(i.CAN_Transmit)
    Chassis_Control                          0x08000da5   Thumb Code   114  chassis.o(i.Chassis_Control)
    DebugMon_Handler                         0x08000e43   Thumb Code     2  stm32f4xx_it.o(i.DebugMon_Handler)
    GPIO_Init                                0x08000e45   Thumb Code   144  stm32f4xx_gpio.o(i.GPIO_Init)
    GPIO_PinAFConfig                         0x08000ed5   Thumb Code    70  stm32f4xx_gpio.o(i.GPIO_PinAFConfig)
    GPIO_ReadInputDataBit                    0x08000f1b   Thumb Code    18  stm32f4xx_gpio.o(i.GPIO_ReadInputDataBit)
    GPIO_ResetBits                           0x08000f2d   Thumb Code     4  stm32f4xx_gpio.o(i.GPIO_ResetBits)
    GPIO_SetBits                             0x08000f31   Thumb Code     4  stm32f4xx_gpio.o(i.GPIO_SetBits)
    HardFault_Handler                        0x08000f35   Thumb Code     4  stm32f4xx_it.o(i.HardFault_Handler)
    Heat_Init                                0x08000f39   Thumb Code   152  imu.o(i.Heat_Init)
    IMU_Get_Data                             0x08000fd9   Thumb Code   724  imu.o(i.IMU_Get_Data)
    IMU_Init                                 0x080012dd   Thumb Code   104  imu.o(i.IMU_Init)
    IMU_track                                0x0800134d   Thumb Code   320  chassis.o(i.IMU_track)
    KalmanFilter                             0x080014b5   Thumb Code   134  kalman.o(i.KalmanFilter)
    LED_Init                                 0x0800153d   Thumb Code   112  led.o(i.LED_Init)
    MPU6500_Gyro_Cali                        0x080015b5   Thumb Code   376  imu.o(i.MPU6500_Gyro_Cali)
    MPU6500_Read_Reg                         0x0800173d   Thumb Code    40  imu.o(i.MPU6500_Read_Reg)
    MPU6500_Read_Regs                        0x08001769   Thumb Code    54  imu.o(i.MPU6500_Read_Regs)
    MPU6500_Write_Reg                        0x080017a1   Thumb Code    40  imu.o(i.MPU6500_Write_Reg)
    MadgwickAHRSupdateIMU                    0x080017cd   Thumb Code  1328  imu.o(i.MadgwickAHRSupdateIMU)
    MemManage_Handler                        0x08001d11   Thumb Code     4  stm32f4xx_it.o(i.MemManage_Handler)
    NMI_Handler                              0x08001d15   Thumb Code     2  stm32f4xx_it.o(i.NMI_Handler)
    NVIC_Init                                0x08001d19   Thumb Code   106  misc.o(i.NVIC_Init)
    NVIC_PriorityGroupConfig                 0x08001d91   Thumb Code    10  misc.o(i.NVIC_PriorityGroupConfig)
    PID_Calc                                 0x08001da5   Thumb Code   708  pid.o(i.PID_Calc)
    PID_Init                                 0x08002075   Thumb Code   314  pid.o(i.PID_Init)
    PID_track                                0x080021cd   Thumb Code   450  chassis.o(i.PID_track)
    PendSV_Handler                           0x080023b5   Thumb Code     2  stm32f4xx_it.o(i.PendSV_Handler)
    RCC_AHB1PeriphClockCmd                   0x080023b9   Thumb Code    26  stm32f4xx_rcc.o(i.RCC_AHB1PeriphClockCmd)
    RCC_APB1PeriphClockCmd                   0x080023d9   Thumb Code    26  stm32f4xx_rcc.o(i.RCC_APB1PeriphClockCmd)
    RCC_APB1PeriphResetCmd                   0x080023f9   Thumb Code    26  stm32f4xx_rcc.o(i.RCC_APB1PeriphResetCmd)
    RCC_APB2PeriphClockCmd                   0x08002419   Thumb Code    26  stm32f4xx_rcc.o(i.RCC_APB2PeriphClockCmd)
    RCC_APB2PeriphResetCmd                   0x08002439   Thumb Code    26  stm32f4xx_rcc.o(i.RCC_APB2PeriphResetCmd)
    RCC_GetClocksFreq                        0x08002459   Thumb Code   214  stm32f4xx_rcc.o(i.RCC_GetClocksFreq)
    SPI5_ReadWriteByte                       0x08002541   Thumb Code    50  spi.o(i.SPI5_ReadWriteByte)
    SPI_Cmd                                  0x08002579   Thumb Code    24  stm32f4xx_spi.o(i.SPI_Cmd)
    SPI_GPIO_InitConfig                      0x08002591   Thumb Code   216  spi.o(i.SPI_GPIO_InitConfig)
    SPI_I2S_GetFlagStatus                    0x08002671   Thumb Code    18  stm32f4xx_spi.o(i.SPI_I2S_GetFlagStatus)
    SPI_I2S_ReceiveData                      0x08002683   Thumb Code     6  stm32f4xx_spi.o(i.SPI_I2S_ReceiveData)
    SPI_I2S_SendData                         0x08002689   Thumb Code     4  stm32f4xx_spi.o(i.SPI_I2S_SendData)
    SPI_Init                                 0x0800268d   Thumb Code    60  stm32f4xx_spi.o(i.SPI_Init)
    SVC_Handler                              0x080026c9   Thumb Code     2  stm32f4xx_it.o(i.SVC_Handler)
    Stop                                     0x080027ed   Thumb Code    20  chassis.o(i.Stop)
    SysTick_CLKSourceConfig                  0x08002811   Thumb Code    40  misc.o(i.SysTick_CLKSourceConfig)
    SysTick_Handler                          0x08002839   Thumb Code    30  tim2.o(i.SysTick_Handler)
    SysTick_Init                             0x08002861   Thumb Code    90  tim2.o(i.SysTick_Init)
    SystemInit                               0x080028c9   Thumb Code    88  system_stm32f4xx.o(i.SystemInit)
    TIM2_IRQHandler                          0x08002931   Thumb Code   184  tim2.o(i.TIM2_IRQHandler)
    TIM2_Init                                0x08002a01   Thumb Code    98  tim2.o(i.TIM2_Init)
    TIM_ARRPreloadConfig                     0x08002a63   Thumb Code    24  stm32f4xx_tim.o(i.TIM_ARRPreloadConfig)
    TIM_ClearFlag                            0x08002a7b   Thumb Code     6  stm32f4xx_tim.o(i.TIM_ClearFlag)
    TIM_ClearITPendingBit                    0x08002a81   Thumb Code     6  stm32f4xx_tim.o(i.TIM_ClearITPendingBit)
    TIM_Cmd                                  0x08002a87   Thumb Code    24  stm32f4xx_tim.o(i.TIM_Cmd)
    TIM_GetITStatus                          0x08002a9f   Thumb Code    34  stm32f4xx_tim.o(i.TIM_GetITStatus)
    TIM_ITConfig                             0x08002ac1   Thumb Code    18  stm32f4xx_tim.o(i.TIM_ITConfig)
    TIM_OC1Init                              0x08002ad5   Thumb Code   114  stm32f4xx_tim.o(i.TIM_OC1Init)
    TIM_OC1PreloadConfig                     0x08002b51   Thumb Code    18  stm32f4xx_tim.o(i.TIM_OC1PreloadConfig)
    TIM_OC2Init                              0x08002b65   Thumb Code   154  stm32f4xx_tim.o(i.TIM_OC2Init)
    TIM_OC2PreloadConfig                     0x08002c09   Thumb Code    26  stm32f4xx_tim.o(i.TIM_OC2PreloadConfig)
    TIM_OC4Init                              0x08002c25   Thumb Code   112  stm32f4xx_tim.o(i.TIM_OC4Init)
    TIM_OC4PreloadConfig                     0x08002c9d   Thumb Code    26  stm32f4xx_tim.o(i.TIM_OC4PreloadConfig)
    TIM_SetCompare1                          0x08002cb7   Thumb Code     4  stm32f4xx_tim.o(i.TIM_SetCompare1)
    TIM_SetCompare4                          0x08002cbb   Thumb Code     4  stm32f4xx_tim.o(i.TIM_SetCompare4)
    TIM_TimeBaseInit                         0x08002cc1   Thumb Code   104  stm32f4xx_tim.o(i.TIM_TimeBaseInit)
    USART6_IRQHandler                        0x08002d45   Thumb Code    24  usart.o(i.USART6_IRQHandler)
    USART6_Init                              0x08002d61   Thumb Code   204  usart.o(i.USART6_Init)
    USART_ClearFlag                          0x08002e35   Thumb Code    18  stm32f4xx_usart.o(i.USART_ClearFlag)
    USART_Cmd                                0x08002e47   Thumb Code    24  stm32f4xx_usart.o(i.USART_Cmd)
    USART_GetFlagStatus                      0x08002e5f   Thumb Code    26  stm32f4xx_usart.o(i.USART_GetFlagStatus)
    USART_GetITStatus                        0x08002e79   Thumb Code    84  stm32f4xx_usart.o(i.USART_GetITStatus)
    USART_ITConfig                           0x08002ecd   Thumb Code    74  stm32f4xx_usart.o(i.USART_ITConfig)
    USART_Init                               0x08002f19   Thumb Code   204  stm32f4xx_usart.o(i.USART_Init)
    USART_SendData                           0x08002fed   Thumb Code     8  stm32f4xx_usart.o(i.USART_SendData)
    UsageFault_Handler                       0x08002ff5   Thumb Code     4  stm32f4xx_it.o(i.UsageFault_Handler)
    __ARM_fpclassify                         0x08002ff9   Thumb Code    48  fpclassify.o(i.__ARM_fpclassify)
    __hardfp_asin                            0x08003029   Thumb Code   770  asin.o(i.__hardfp_asin)
    __hardfp_atan                            0x08003389   Thumb Code   622  atan.o(i.__hardfp_atan)
    __hardfp_atan2                           0x08003661   Thumb Code   432  atan2.o(i.__hardfp_atan2)
    __hardfp_fabs                            0x08003851   Thumb Code    20  fabs.o(i.__hardfp_fabs)
    __kernel_poly                            0x08003865   Thumb Code   248  poly.o(i.__kernel_poly)
    __mathlib_dbl_infnan                     0x0800395d   Thumb Code    20  dunder.o(i.__mathlib_dbl_infnan)
    __mathlib_dbl_infnan2                    0x08003971   Thumb Code    20  dunder.o(i.__mathlib_dbl_infnan2)
    __mathlib_dbl_invalid                    0x08003989   Thumb Code    24  dunder.o(i.__mathlib_dbl_invalid)
    __mathlib_dbl_underflow                  0x080039a9   Thumb Code    24  dunder.o(i.__mathlib_dbl_underflow)
    _sys_exit                                0x080039c9   Thumb Code     4  usart.o(i._sys_exit)
    atan                                     0x080039cd   Thumb Code    16  atan.o(i.atan)
    delay_init                               0x080039dd   Thumb Code    52  delay.o(i.delay_init)
    delay_ms                                 0x08003a19   Thumb Code    16  delay.o(i.delay_ms)
    fabs                                     0x08003a2d   Thumb Code    24  fabs.o(i.fabs)
    fputc                                    0x08003a45   Thumb Code    32  usart.o(i.fputc)
    gray_sensor_init                         0x08003a69   Thumb Code    90  gray_sensor.o(i.gray_sensor_init)
    inv_sqrt                                 0x08003ad1   Thumb Code    56  imu.o(i.inv_sqrt)
    kalmanCreate                             0x08003b0d   Thumb Code    50  kalman.o(i.kalmanCreate)
    led_against                              0x08003b45   Thumb Code    92  led.o(i.led_against)
    main                                     0x08003bad   Thumb Code    82  main.o(i.main)
    sqrt                                     0x08003c09   Thumb Code   110  sqrt.o(i.sqrt)
    steering_init                            0x08003c79   Thumb Code   152  steering.o(i.steering_init)
    task                                     0x08003d19   Thumb Code  1072  task.o(i.task)
    __aeabi_dneg                             0x08004149   Thumb Code     0  basic.o(x$fpl$basic)
    _dneg                                    0x08004149   Thumb Code     6  basic.o(x$fpl$basic)
    __aeabi_fneg                             0x0800414f   Thumb Code     0  basic.o(x$fpl$basic)
    _fneg                                    0x0800414f   Thumb Code     6  basic.o(x$fpl$basic)
    _dabs                                    0x08004155   Thumb Code     6  basic.o(x$fpl$basic)
    _fabs                                    0x0800415b   Thumb Code     6  basic.o(x$fpl$basic)
    __aeabi_d2f                              0x08004161   Thumb Code     0  d2f.o(x$fpl$d2f)
    _d2f                                     0x08004161   Thumb Code    98  d2f.o(x$fpl$d2f)
    __aeabi_dadd                             0x080041c5   Thumb Code     0  daddsub_clz.o(x$fpl$dadd)
    _dadd                                    0x080041c5   Thumb Code   332  daddsub_clz.o(x$fpl$dadd)
    __fpl_dcmp_Inf                           0x08004315   Thumb Code    24  dcmpi.o(x$fpl$dcmpinf)
    __aeabi_ddiv                             0x0800432d   Thumb Code     0  ddiv.o(x$fpl$ddiv)
    _ddiv                                    0x0800432d   Thumb Code   552  ddiv.o(x$fpl$ddiv)
    __aeabi_cdcmpeq                          0x080045dd   Thumb Code     0  deqf.o(x$fpl$deqf)
    _dcmpeq                                  0x080045dd   Thumb Code   120  deqf.o(x$fpl$deqf)
    __aeabi_cdcmple                          0x08004655   Thumb Code     0  dleqf.o(x$fpl$dleqf)
    _dcmple                                  0x08004655   Thumb Code   120  dleqf.o(x$fpl$dleqf)
    __fpl_dcmple_InfNaN                      0x080046b7   Thumb Code     0  dleqf.o(x$fpl$dleqf)
    __aeabi_dmul                             0x080046cd   Thumb Code     0  dmul.o(x$fpl$dmul)
    _dmul                                    0x080046cd   Thumb Code   332  dmul.o(x$fpl$dmul)
    __fpl_dnaninf                            0x08004821   Thumb Code   156  dnaninf.o(x$fpl$dnaninf)
    __fpl_dretinf                            0x080048bd   Thumb Code    12  dretinf.o(x$fpl$dretinf)
    __aeabi_cdrcmple                         0x080048c9   Thumb Code     0  drleqf.o(x$fpl$drleqf)
    _drcmple                                 0x080048c9   Thumb Code   108  drleqf.o(x$fpl$drleqf)
    __aeabi_drsub                            0x08004935   Thumb Code     0  daddsub_clz.o(x$fpl$drsb)
    _drsb                                    0x08004935   Thumb Code    22  daddsub_clz.o(x$fpl$drsb)
    _dsqrt                                   0x0800494d   Thumb Code   404  dsqrt_umaal.o(x$fpl$dsqrt)
    __aeabi_dsub                             0x08004ae5   Thumb Code     0  daddsub_clz.o(x$fpl$dsub)
    _dsub                                    0x08004ae5   Thumb Code   464  daddsub_clz.o(x$fpl$dsub)
    __aeabi_f2d                              0x08004cb9   Thumb Code     0  f2d.o(x$fpl$f2d)
    _f2d                                     0x08004cb9   Thumb Code    86  f2d.o(x$fpl$f2d)
    __fpl_fnaninf                            0x08004d0f   Thumb Code   140  fnaninf.o(x$fpl$fnaninf)
    _fp_init                                 0x08004d9b   Thumb Code    10  fpinit.o(x$fpl$fpinit)
    __fplib_config_fpu_vfp                   0x08004da3   Thumb Code     0  fpinit.o(x$fpl$fpinit)
    __fplib_config_pureend_doubles           0x08004da3   Thumb Code     0  fpinit.o(x$fpl$fpinit)
    __fpl_fretinf                            0x08004da5   Thumb Code    10  fretinf.o(x$fpl$fretinf)
    __I$use$fp                               0x08004dae   Number         0  usenofp.o(x$fpl$usenofp)
    __mathlib_zero                           0x08004eb0   Data           8  qnan.o(.constdata)
    Region$$Table$$Base                      0x08004f08   Number         0  anon$$obj.o(Region$$Table)
    Region$$Table$$Limit                     0x08004f28   Number         0  anon$$obj.o(Region$$Table)
    __stdout                                 0x20000014   Data           4  usart.o(.data)
    PID_track_Flag                           0x20000018   Data           1  main.o(.data)
    IMU_track_right                          0x2000001a   Data           2  main.o(.data)
    IMU_track_left                           0x2000001c   Data           2  main.o(.data)
    IMU_direction_angle                      0x2000001e   Data           2  main.o(.data)
    SystemCoreClock                          0x20000020   Data           4  system_stm32f4xx.o(.data)
    AHBPrescTable                            0x20000024   Data          16  system_stm32f4xx.o(.data)
    CAN_DATA_Left                            0x20000034   Data           4  can.o(.data)
    CAN_DATA_Right                           0x20000038   Data           4  can.o(.data)
    CAN1_Tx_Message_Flag                     0x2000003c   Data           1  can.o(.data)
    led_t                                    0x20000040   Data           4  led.o(.data)
    TIMtimer                                 0x20000044   Data           4  tim2.o(.data)
    TimingDelay                              0x20000048   Data           4  tim2.o(.data)
    GetTick                                  0x2000004c   Data           4  tim2.o(.data)
    LeftFront_Speed                          0x20000050   Data           4  chassis.o(.data)
    RightBack_Speed                          0x20000054   Data           4  chassis.o(.data)
    PID_LEVEL_1                              0x20000058   Data           4  chassis.o(.data)
    PID_LEVEL_2                              0x2000005c   Data           4  chassis.o(.data)
    PID_LEVEL_3                              0x20000060   Data           4  chassis.o(.data)
    PID_left                                 0x20000064   Data           4  chassis.o(.data)
    PID_right                                0x20000068   Data           4  chassis.o(.data)
    i                                        0x2000007c   Data           4  task.o(.data)
    MPU_id                                   0x20000080   Data           1  imu.o(.data)
    last_update                              0x20000084   Data           4  imu.o(.data)
    now_update                               0x20000088   Data           4  imu.o(.data)
    exInt                                    0x2000008c   Data           4  imu.o(.data)
    eyInt                                    0x20000090   Data           4  imu.o(.data)
    ezInt                                    0x20000094   Data           4  imu.o(.data)
    q0                                       0x20000098   Data           4  imu.o(.data)
    q1                                       0x2000009c   Data           4  imu.o(.data)
    q2                                       0x200000a0   Data           4  imu.o(.data)
    q3                                       0x200000a4   Data           4  imu.o(.data)
    IMU_Raw_Data                             0x200000a8   Data          20  imu.o(.bss)
    IMU_Real_Data                            0x200000bc   Data          52  imu.o(.bss)
    IMU_Offset_Data                          0x200000f0   Data          52  imu.o(.bss)
    PID_Left                                 0x20000124   Data          76  pid.o(.bss)
    PID_Right                                0x20000170   Data          76  pid.o(.bss)
    __libspace_start                         0x200001bc   Data          96  libspace.o(.bss)
    __temporary_stack_top$libspace           0x2000021c   Data           0  libspace.o(.bss)



==============================================================================

Memory Map of the image

  Image Entry point : 0x0800024d

  Load Region LR_1 (Base: 0x08000000, Size: 0x00004fd0, Max: 0xffffffff, ABSOLUTE)

    Execution Region ER_RO (Exec base: 0x08000000, Load base: 0x08000000, Size: 0x00004f28, Max: 0xffffffff, ABSOLUTE)

    Exec Addr    Load Addr    Size         Type   Attr      Idx    E Section Name        Object

    0x08000000   0x08000000   0x000001ac   Data   RO            3    RESET               startup_stm32f427xx.o
    0x080001ac   0x080001ac   0x00000008   Code   RO         5501  * !!!main             c_w.l(__main.o)
    0x080001b4   0x080001b4   0x00000034   Code   RO         5787    !!!scatter          c_w.l(__scatter.o)
    0x080001e8   0x080001e8   0x0000001a   Code   RO         5789    !!handler_copy      c_w.l(__scatter_copy.o)
    0x08000202   0x08000202   0x00000002   PAD
    0x08000204   0x08000204   0x0000001c   Code   RO         5791    !!handler_zi        c_w.l(__scatter_zi.o)
    0x08000220   0x08000220   0x00000002   Code   RO         5664    .ARM.Collect$$libinit$$00000000  c_w.l(libinit.o)
    0x08000222   0x08000222   0x00000004   Code   RO         5667    .ARM.Collect$$libinit$$00000001  c_w.l(libinit2.o)
    0x08000226   0x08000226   0x00000000   Code   RO         5670    .ARM.Collect$$libinit$$00000004  c_w.l(libinit2.o)
    0x08000226   0x08000226   0x00000000   Code   RO         5673    .ARM.Collect$$libinit$$0000000A  c_w.l(libinit2.o)
    0x08000226   0x08000226   0x00000000   Code   RO         5675    .ARM.Collect$$libinit$$0000000C  c_w.l(libinit2.o)
    0x08000226   0x08000226   0x00000000   Code   RO         5677    .ARM.Collect$$libinit$$0000000E  c_w.l(libinit2.o)
    0x08000226   0x08000226   0x00000000   Code   RO         5680    .ARM.Collect$$libinit$$00000011  c_w.l(libinit2.o)
    0x08000226   0x08000226   0x00000000   Code   RO         5682    .ARM.Collect$$libinit$$00000013  c_w.l(libinit2.o)
    0x08000226   0x08000226   0x00000000   Code   RO         5684    .ARM.Collect$$libinit$$00000015  c_w.l(libinit2.o)
    0x08000226   0x08000226   0x00000000   Code   RO         5686    .ARM.Collect$$libinit$$00000017  c_w.l(libinit2.o)
    0x08000226   0x08000226   0x00000000   Code   RO         5688    .ARM.Collect$$libinit$$00000019  c_w.l(libinit2.o)
    0x08000226   0x08000226   0x00000000   Code   RO         5690    .ARM.Collect$$libinit$$0000001B  c_w.l(libinit2.o)
    0x08000226   0x08000226   0x00000000   Code   RO         5692    .ARM.Collect$$libinit$$0000001D  c_w.l(libinit2.o)
    0x08000226   0x08000226   0x00000000   Code   RO         5694    .ARM.Collect$$libinit$$0000001F  c_w.l(libinit2.o)
    0x08000226   0x08000226   0x00000000   Code   RO         5696    .ARM.Collect$$libinit$$00000021  c_w.l(libinit2.o)
    0x08000226   0x08000226   0x00000000   Code   RO         5698    .ARM.Collect$$libinit$$00000023  c_w.l(libinit2.o)
    0x08000226   0x08000226   0x00000000   Code   RO         5700    .ARM.Collect$$libinit$$00000025  c_w.l(libinit2.o)
    0x08000226   0x08000226   0x00000000   Code   RO         5704    .ARM.Collect$$libinit$$0000002C  c_w.l(libinit2.o)
    0x08000226   0x08000226   0x00000000   Code   RO         5706    .ARM.Collect$$libinit$$0000002E  c_w.l(libinit2.o)
    0x08000226   0x08000226   0x00000000   Code   RO         5708    .ARM.Collect$$libinit$$00000030  c_w.l(libinit2.o)
    0x08000226   0x08000226   0x00000000   Code   RO         5710    .ARM.Collect$$libinit$$00000032  c_w.l(libinit2.o)
    0x08000226   0x08000226   0x00000002   Code   RO         5711    .ARM.Collect$$libinit$$00000033  c_w.l(libinit2.o)
    0x08000228   0x08000228   0x00000002   Code   RO         5729    .ARM.Collect$$libshutdown$$00000000  c_w.l(libshutdown.o)
    0x0800022a   0x0800022a   0x00000000   Code   RO         5739    .ARM.Collect$$libshutdown$$00000002  c_w.l(libshutdown2.o)
    0x0800022a   0x0800022a   0x00000000   Code   RO         5741    .ARM.Collect$$libshutdown$$00000004  c_w.l(libshutdown2.o)
    0x0800022a   0x0800022a   0x00000000   Code   RO         5744    .ARM.Collect$$libshutdown$$00000007  c_w.l(libshutdown2.o)
    0x0800022a   0x0800022a   0x00000000   Code   RO         5747    .ARM.Collect$$libshutdown$$0000000A  c_w.l(libshutdown2.o)
    0x0800022a   0x0800022a   0x00000000   Code   RO         5749    .ARM.Collect$$libshutdown$$0000000C  c_w.l(libshutdown2.o)
    0x0800022a   0x0800022a   0x00000000   Code   RO         5752    .ARM.Collect$$libshutdown$$0000000F  c_w.l(libshutdown2.o)
    0x0800022a   0x0800022a   0x00000002   Code   RO         5753    .ARM.Collect$$libshutdown$$00000010  c_w.l(libshutdown2.o)
    0x0800022c   0x0800022c   0x00000000   Code   RO         5549    .ARM.Collect$$rtentry$$00000000  c_w.l(__rtentry.o)
    0x0800022c   0x0800022c   0x00000000   Code   RO         5623    .ARM.Collect$$rtentry$$00000002  c_w.l(__rtentry2.o)
    0x0800022c   0x0800022c   0x00000006   Code   RO         5635    .ARM.Collect$$rtentry$$00000004  c_w.l(__rtentry4.o)
    0x08000232   0x08000232   0x00000000   Code   RO         5625    .ARM.Collect$$rtentry$$00000009  c_w.l(__rtentry2.o)
    0x08000232   0x08000232   0x00000004   Code   RO         5626    .ARM.Collect$$rtentry$$0000000A  c_w.l(__rtentry2.o)
    0x08000236   0x08000236   0x00000000   Code   RO         5628    .ARM.Collect$$rtentry$$0000000C  c_w.l(__rtentry2.o)
    0x08000236   0x08000236   0x00000008   Code   RO         5629    .ARM.Collect$$rtentry$$0000000D  c_w.l(__rtentry2.o)
    0x0800023e   0x0800023e   0x00000002   Code   RO         5665    .ARM.Collect$$rtexit$$00000000  c_w.l(rtexit.o)
    0x08000240   0x08000240   0x00000000   Code   RO         5713    .ARM.Collect$$rtexit$$00000002  c_w.l(rtexit2.o)
    0x08000240   0x08000240   0x00000004   Code   RO         5714    .ARM.Collect$$rtexit$$00000003  c_w.l(rtexit2.o)
    0x08000244   0x08000244   0x00000006   Code   RO         5715    .ARM.Collect$$rtexit$$00000004  c_w.l(rtexit2.o)
    0x0800024a   0x0800024a   0x00000002   PAD
    0x0800024c   0x0800024c   0x00000040   Code   RO            4  * .text               startup_stm32f427xx.o
    0x0800028c   0x0800028c   0x00000002   Code   RO         5491    .text               c_w.l(use_no_semi_2.o)
    0x0800028e   0x0800028e   0x00000002   PAD
    0x08000290   0x08000290   0x00000018   Code   RO         5495    .text               c_w.l(noretval__2printf.o)
    0x080002a8   0x080002a8   0x00000064   Code   RO         5497    .text               c_w.l(rt_memcpy_w.o)
    0x0800030c   0x0800030c   0x00000006   Code   RO         5499    .text               c_w.l(heapauxi.o)
    0x08000312   0x08000312   0x00000002   Code   RO         5547    .text               c_w.l(use_no_semi.o)
    0x08000314   0x08000314   0x00000016   Code   RO         5550    .text               c_w.l(_rserrno.o)
    0x0800032a   0x0800032a   0x00000002   PAD
    0x0800032c   0x0800032c   0x00000024   Code   RO         5552    .text               c_w.l(_printf_char_file.o)
    0x08000350   0x08000350   0x00000008   Code   RO         5640    .text               c_w.l(rt_errno_addr_intlibspace.o)
    0x08000358   0x08000358   0x00000030   Code   RO         5642    .text               c_w.l(_printf_char_common.o)
    0x08000388   0x08000388   0x00000008   Code   RO         5644    .text               c_w.l(ferror.o)
    0x08000390   0x08000390   0x00000008   Code   RO         5650    .text               c_w.l(libspace.o)
    0x08000398   0x08000398   0x0000004a   Code   RO         5653    .text               c_w.l(sys_stackheap_outer.o)
    0x080003e2   0x080003e2   0x00000028   Code   RO         5655    .text               c_w.l(__printf_nopercent.o)
    0x0800040a   0x0800040a   0x00000012   Code   RO         5657    .text               c_w.l(exit.o)
    0x0800041c   0x0800041c   0x000000a0   Code   RO         5044    i.Beep_Init         beep.o
    0x080004bc   0x080004bc   0x00000010   Code   RO         5045    i.Beep_OFF          beep.o
    0x080004cc   0x080004cc   0x00000010   Code   RO         5046    i.Beep_ON           beep.o
    0x080004dc   0x080004dc   0x00000004   Code   RO         4916    i.BusFault_Handler  stm32f4xx_it.o
    0x080004e0   0x080004e0   0x00000140   Code   RO         5076    i.CAN1_Init         can.o
    0x08000620   0x08000620   0x00000080   Code   RO         5077    i.CAN1_RX0_IRQHandler  can.o
    0x080006a0   0x080006a0   0x0000007c   Code   RO         5078    i.CAN1_TX           can.o
    0x0800071c   0x0800071c   0x00000024   Code   RO         5079    i.CAN1_TX_IRQHandler  can.o
    0x08000740   0x08000740   0x000000a8   Code   RO          411    i.CAN_ClearITPendingBit  stm32f4xx_can.o
    0x080007e8   0x080007e8   0x00000038   Code   RO          413    i.CAN_DeInit        stm32f4xx_can.o
    0x08000820   0x08000820   0x00000108   Code   RO          415    i.CAN_FilterInit    stm32f4xx_can.o
    0x08000928   0x08000928   0x00000120   Code   RO          417    i.CAN_GetITStatus   stm32f4xx_can.o
    0x08000a48   0x08000a48   0x00000012   Code   RO          421    i.CAN_ITConfig      stm32f4xx_can.o
    0x08000a5a   0x08000a5a   0x00000114   Code   RO          422    i.CAN_Init          stm32f4xx_can.o
    0x08000b6e   0x08000b6e   0x000000f0   Code   RO          425    i.CAN_Receive       stm32f4xx_can.o
    0x08000c5e   0x08000c5e   0x00000020   Code   RO          428    i.CAN_StructInit    stm32f4xx_can.o
    0x08000c7e   0x08000c7e   0x00000126   Code   RO          430    i.CAN_Transmit      stm32f4xx_can.o
    0x08000da4   0x08000da4   0x0000008c   Code   RO         5210    i.Chassis_Control   chassis.o
    0x08000e30   0x08000e30   0x00000012   Code   RO          433    i.CheckITStatus     stm32f4xx_can.o
    0x08000e42   0x08000e42   0x00000002   Code   RO         4917    i.DebugMon_Handler  stm32f4xx_it.o
    0x08000e44   0x08000e44   0x00000090   Code   RO         1712    i.GPIO_Init         stm32f4xx_gpio.o
    0x08000ed4   0x08000ed4   0x00000046   Code   RO         1713    i.GPIO_PinAFConfig  stm32f4xx_gpio.o
    0x08000f1a   0x08000f1a   0x00000012   Code   RO         1716    i.GPIO_ReadInputDataBit  stm32f4xx_gpio.o
    0x08000f2c   0x08000f2c   0x00000004   Code   RO         1719    i.GPIO_ResetBits    stm32f4xx_gpio.o
    0x08000f30   0x08000f30   0x00000004   Code   RO         1720    i.GPIO_SetBits      stm32f4xx_gpio.o
    0x08000f34   0x08000f34   0x00000004   Code   RO         4918    i.HardFault_Handler  stm32f4xx_it.o
    0x08000f38   0x08000f38   0x000000a0   Code   RO         5297    i.Heat_Init         imu.o
    0x08000fd8   0x08000fd8   0x00000304   Code   RO         5298    i.IMU_Get_Data      imu.o
    0x080012dc   0x080012dc   0x00000070   Code   RO         5299    i.IMU_Init          imu.o
    0x0800134c   0x0800134c   0x00000168   Code   RO         5211    i.IMU_track         chassis.o
    0x080014b4   0x080014b4   0x00000086   Code   RO         5373    i.KalmanFilter      kalman.o
    0x0800153a   0x0800153a   0x00000002   PAD
    0x0800153c   0x0800153c   0x00000078   Code   RO         5121    i.LED_Init          led.o
    0x080015b4   0x080015b4   0x00000188   Code   RO         5300    i.MPU6500_Gyro_Cali  imu.o
    0x0800173c   0x0800173c   0x0000002c   Code   RO         5301    i.MPU6500_Read_Reg  imu.o
    0x08001768   0x08001768   0x00000036   Code   RO         5302    i.MPU6500_Read_Regs  imu.o
    0x0800179e   0x0800179e   0x00000002   PAD
    0x080017a0   0x080017a0   0x0000002c   Code   RO         5303    i.MPU6500_Write_Reg  imu.o
    0x080017cc   0x080017cc   0x00000544   Code   RO         5304    i.MadgwickAHRSupdateIMU  imu.o
    0x08001d10   0x08001d10   0x00000004   Code   RO         4919    i.MemManage_Handler  stm32f4xx_it.o
    0x08001d14   0x08001d14   0x00000002   Code   RO         4920    i.NMI_Handler       stm32f4xx_it.o
    0x08001d16   0x08001d16   0x00000002   PAD
    0x08001d18   0x08001d18   0x00000078   Code   RO           12    i.NVIC_Init         misc.o
    0x08001d90   0x08001d90   0x00000014   Code   RO           13    i.NVIC_PriorityGroupConfig  misc.o
    0x08001da4   0x08001da4   0x000002d0   Code   RO         5425    i.PID_Calc          pid.o
    0x08002074   0x08002074   0x00000158   Code   RO         5426    i.PID_Init          pid.o
    0x080021cc   0x080021cc   0x000001e8   Code   RO         5212    i.PID_track         chassis.o
    0x080023b4   0x080023b4   0x00000002   Code   RO         4921    i.PendSV_Handler    stm32f4xx_it.o
    0x080023b6   0x080023b6   0x00000002   PAD
    0x080023b8   0x080023b8   0x00000020   Code   RO         2576    i.RCC_AHB1PeriphClockCmd  stm32f4xx_rcc.o
    0x080023d8   0x080023d8   0x00000020   Code   RO         2585    i.RCC_APB1PeriphClockCmd  stm32f4xx_rcc.o
    0x080023f8   0x080023f8   0x00000020   Code   RO         2587    i.RCC_APB1PeriphResetCmd  stm32f4xx_rcc.o
    0x08002418   0x08002418   0x00000020   Code   RO         2588    i.RCC_APB2PeriphClockCmd  stm32f4xx_rcc.o
    0x08002438   0x08002438   0x00000020   Code   RO         2590    i.RCC_APB2PeriphResetCmd  stm32f4xx_rcc.o
    0x08002458   0x08002458   0x000000e8   Code   RO         2597    i.RCC_GetClocksFreq  stm32f4xx_rcc.o
    0x08002540   0x08002540   0x00000038   Code   RO         5399    i.SPI5_ReadWriteByte  spi.o
    0x08002578   0x08002578   0x00000018   Code   RO         3690    i.SPI_Cmd           stm32f4xx_spi.o
    0x08002590   0x08002590   0x000000e0   Code   RO         5400    i.SPI_GPIO_InitConfig  spi.o
    0x08002670   0x08002670   0x00000012   Code   RO         3698    i.SPI_I2S_GetFlagStatus  stm32f4xx_spi.o
    0x08002682   0x08002682   0x00000006   Code   RO         3701    i.SPI_I2S_ReceiveData  stm32f4xx_spi.o
    0x08002688   0x08002688   0x00000004   Code   RO         3702    i.SPI_I2S_SendData  stm32f4xx_spi.o
    0x0800268c   0x0800268c   0x0000003c   Code   RO         3703    i.SPI_Init          stm32f4xx_spi.o
    0x080026c8   0x080026c8   0x00000002   Code   RO         4922    i.SVC_Handler       stm32f4xx_it.o
    0x080026ca   0x080026ca   0x00000002   PAD
    0x080026cc   0x080026cc   0x00000120   Code   RO         5007    i.SetSysClock       system_stm32f4xx.o
    0x080027ec   0x080027ec   0x00000024   Code   RO         5213    i.Stop              chassis.o
    0x08002810   0x08002810   0x00000028   Code   RO           16    i.SysTick_CLKSourceConfig  misc.o
    0x08002838   0x08002838   0x00000028   Code   RO         5162    i.SysTick_Handler   tim2.o
    0x08002860   0x08002860   0x00000068   Code   RO         5163    i.SysTick_Init      tim2.o
    0x080028c8   0x080028c8   0x00000068   Code   RO         5009    i.SystemInit        system_stm32f4xx.o
    0x08002930   0x08002930   0x000000d0   Code   RO         5164    i.TIM2_IRQHandler   tim2.o
    0x08002a00   0x08002a00   0x00000062   Code   RO         5165    i.TIM2_Init         tim2.o
    0x08002a62   0x08002a62   0x00000018   Code   RO         3908    i.TIM_ARRPreloadConfig  stm32f4xx_tim.o
    0x08002a7a   0x08002a7a   0x00000006   Code   RO         3914    i.TIM_ClearFlag     stm32f4xx_tim.o
    0x08002a80   0x08002a80   0x00000006   Code   RO         3915    i.TIM_ClearITPendingBit  stm32f4xx_tim.o
    0x08002a86   0x08002a86   0x00000018   Code   RO         3920    i.TIM_Cmd           stm32f4xx_tim.o
    0x08002a9e   0x08002a9e   0x00000022   Code   RO         3941    i.TIM_GetITStatus   stm32f4xx_tim.o
    0x08002ac0   0x08002ac0   0x00000012   Code   RO         3945    i.TIM_ITConfig      stm32f4xx_tim.o
    0x08002ad2   0x08002ad2   0x00000002   PAD
    0x08002ad4   0x08002ad4   0x0000007c   Code   RO         3949    i.TIM_OC1Init       stm32f4xx_tim.o
    0x08002b50   0x08002b50   0x00000012   Code   RO         3952    i.TIM_OC1PreloadConfig  stm32f4xx_tim.o
    0x08002b62   0x08002b62   0x00000002   PAD
    0x08002b64   0x08002b64   0x000000a4   Code   RO         3954    i.TIM_OC2Init       stm32f4xx_tim.o
    0x08002c08   0x08002c08   0x0000001a   Code   RO         3957    i.TIM_OC2PreloadConfig  stm32f4xx_tim.o
    0x08002c22   0x08002c22   0x00000002   PAD
    0x08002c24   0x08002c24   0x00000078   Code   RO         3964    i.TIM_OC4Init       stm32f4xx_tim.o
    0x08002c9c   0x08002c9c   0x0000001a   Code   RO         3966    i.TIM_OC4PreloadConfig  stm32f4xx_tim.o
    0x08002cb6   0x08002cb6   0x00000004   Code   RO         3982    i.TIM_SetCompare1   stm32f4xx_tim.o
    0x08002cba   0x08002cba   0x00000004   Code   RO         3985    i.TIM_SetCompare4   stm32f4xx_tim.o
    0x08002cbe   0x08002cbe   0x00000002   PAD
    0x08002cc0   0x08002cc0   0x00000084   Code   RO         3992    i.TIM_TimeBaseInit  stm32f4xx_tim.o
    0x08002d44   0x08002d44   0x0000001c   Code   RO         4844    i.USART6_IRQHandler  usart.o
    0x08002d60   0x08002d60   0x000000d4   Code   RO         4845    i.USART6_Init       usart.o
    0x08002e34   0x08002e34   0x00000012   Code   RO         4466    i.USART_ClearFlag   stm32f4xx_usart.o
    0x08002e46   0x08002e46   0x00000018   Code   RO         4470    i.USART_Cmd         stm32f4xx_usart.o
    0x08002e5e   0x08002e5e   0x0000001a   Code   RO         4473    i.USART_GetFlagStatus  stm32f4xx_usart.o
    0x08002e78   0x08002e78   0x00000054   Code   RO         4474    i.USART_GetITStatus  stm32f4xx_usart.o
    0x08002ecc   0x08002ecc   0x0000004a   Code   RO         4476    i.USART_ITConfig    stm32f4xx_usart.o
    0x08002f16   0x08002f16   0x00000002   PAD
    0x08002f18   0x08002f18   0x000000d4   Code   RO         4477    i.USART_Init        stm32f4xx_usart.o
    0x08002fec   0x08002fec   0x00000008   Code   RO         4487    i.USART_SendData    stm32f4xx_usart.o
    0x08002ff4   0x08002ff4   0x00000004   Code   RO         4923    i.UsageFault_Handler  stm32f4xx_it.o
    0x08002ff8   0x08002ff8   0x00000030   Code   RO         5605    i.__ARM_fpclassify  m_wm.l(fpclassify.o)
    0x08003028   0x08003028   0x00000360   Code   RO         5515    i.__hardfp_asin     m_wm.l(asin.o)
    0x08003388   0x08003388   0x000002d8   Code   RO         5577    i.__hardfp_atan     m_wm.l(atan.o)
    0x08003660   0x08003660   0x000001f0   Code   RO         5529    i.__hardfp_atan2    m_wm.l(atan2.o)
    0x08003850   0x08003850   0x00000014   Code   RO         5541    i.__hardfp_fabs     m_wm.l(fabs.o)
    0x08003864   0x08003864   0x000000f8   Code   RO         5607    i.__kernel_poly     m_wm.l(poly.o)
    0x0800395c   0x0800395c   0x00000014   Code   RO         5592    i.__mathlib_dbl_infnan  m_wm.l(dunder.o)
    0x08003970   0x08003970   0x00000014   Code   RO         5593    i.__mathlib_dbl_infnan2  m_wm.l(dunder.o)
    0x08003984   0x08003984   0x00000004   PAD
    0x08003988   0x08003988   0x00000020   Code   RO         5594    i.__mathlib_dbl_invalid  m_wm.l(dunder.o)
    0x080039a8   0x080039a8   0x00000020   Code   RO         5597    i.__mathlib_dbl_underflow  m_wm.l(dunder.o)
    0x080039c8   0x080039c8   0x00000004   Code   RO         4846    i._sys_exit         usart.o
    0x080039cc   0x080039cc   0x00000010   Code   RO         5579    i.atan              m_wm.l(atan.o)
    0x080039dc   0x080039dc   0x0000003c   Code   RO         4716    i.delay_init        delay.o
    0x08003a18   0x08003a18   0x00000014   Code   RO         4717    i.delay_ms          delay.o
    0x08003a2c   0x08003a2c   0x00000018   Code   RO         5543    i.fabs              m_wm.l(fabs.o)
    0x08003a44   0x08003a44   0x00000024   Code   RO         4847    i.fputc             usart.o
    0x08003a68   0x08003a68   0x00000068   Code   RO         5254    i.gray_sensor_init  gray_sensor.o
    0x08003ad0   0x08003ad0   0x0000003c   Code   RO         5305    i.inv_sqrt          imu.o
    0x08003b0c   0x08003b0c   0x00000038   Code   RO         5374    i.kalmanCreate      kalman.o
    0x08003b44   0x08003b44   0x00000068   Code   RO         5124    i.led_against       led.o
    0x08003bac   0x08003bac   0x0000005c   Code   RO         4889    i.main              main.o
    0x08003c08   0x08003c08   0x0000006e   Code   RO         5612    i.sqrt              m_wm.l(sqrt.o)
    0x08003c76   0x08003c76   0x00000002   PAD
    0x08003c78   0x08003c78   0x000000a0   Code   RO         5471    i.steering_init     steering.o
    0x08003d18   0x08003d18   0x00000430   Code   RO         5274    i.task              task.o
    0x08004148   0x08004148   0x00000018   Code   RO         5554    x$fpl$basic         fz_wm.l(basic.o)
    0x08004160   0x08004160   0x00000062   Code   RO         5503    x$fpl$d2f           fz_wm.l(d2f.o)
    0x080041c2   0x080041c2   0x00000002   PAD
    0x080041c4   0x080041c4   0x00000150   Code   RO         5556    x$fpl$dadd          fz_wm.l(daddsub_clz.o)
    0x08004314   0x08004314   0x00000018   Code   RO         5562    x$fpl$dcmpinf       fz_wm.l(dcmpi.o)
    0x0800432c   0x0800432c   0x000002b0   Code   RO         5565    x$fpl$ddiv          fz_wm.l(ddiv.o)
    0x080045dc   0x080045dc   0x00000078   Code   RO         5505    x$fpl$deqf          fz_wm.l(deqf.o)
    0x08004654   0x08004654   0x00000078   Code   RO         5507    x$fpl$dleqf         fz_wm.l(dleqf.o)
    0x080046cc   0x080046cc   0x00000154   Code   RO         5509    x$fpl$dmul          fz_wm.l(dmul.o)
    0x08004820   0x08004820   0x0000009c   Code   RO         5568    x$fpl$dnaninf       fz_wm.l(dnaninf.o)
    0x080048bc   0x080048bc   0x0000000c   Code   RO         5570    x$fpl$dretinf       fz_wm.l(dretinf.o)
    0x080048c8   0x080048c8   0x0000006c   Code   RO         5511    x$fpl$drleqf        fz_wm.l(drleqf.o)
    0x08004934   0x08004934   0x00000016   Code   RO         5557    x$fpl$drsb          fz_wm.l(daddsub_clz.o)
    0x0800494a   0x0800494a   0x00000002   PAD
    0x0800494c   0x0800494c   0x00000198   Code   RO         5648    x$fpl$dsqrt         fz_wm.l(dsqrt_umaal.o)
    0x08004ae4   0x08004ae4   0x000001d4   Code   RO         5558    x$fpl$dsub          fz_wm.l(daddsub_clz.o)
    0x08004cb8   0x08004cb8   0x00000056   Code   RO         5513    x$fpl$f2d           fz_wm.l(f2d.o)
    0x08004d0e   0x08004d0e   0x0000008c   Code   RO         5572    x$fpl$fnaninf       fz_wm.l(fnaninf.o)
    0x08004d9a   0x08004d9a   0x0000000a   Code   RO         5721    x$fpl$fpinit        fz_wm.l(fpinit.o)
    0x08004da4   0x08004da4   0x0000000a   Code   RO         5574    x$fpl$fretinf       fz_wm.l(fretinf.o)
    0x08004dae   0x08004dae   0x00000000   Code   RO         5576    x$fpl$usenofp       fz_wm.l(usenofp.o)
    0x08004dae   0x08004dae   0x00000002   PAD
    0x08004db0   0x08004db0   0x00000014   Data   RO         5307    .constdata          imu.o
    0x08004dc4   0x08004dc4   0x00000004   PAD
    0x08004dc8   0x08004dc8   0x00000050   Data   RO         5518    .constdata          m_wm.l(asin.o)
    0x08004e18   0x08004e18   0x00000098   Data   RO         5580    .constdata          m_wm.l(atan.o)
    0x08004eb0   0x08004eb0   0x00000008   Data   RO         5609    .constdata          m_wm.l(qnan.o)
    0x08004eb8   0x08004eb8   0x0000004d   Data   RO         4890    .conststring        main.o
    0x08004f05   0x08004f05   0x00000003   PAD
    0x08004f08   0x08004f08   0x00000020   Data   RO         5785    Region$$Table       anon$$obj.o


    Execution Region ER_RW (Exec base: 0x20000000, Load base: 0x08004f28, Size: 0x000000a8, Max: 0xffffffff, ABSOLUTE)

    Exec Addr    Load Addr    Size         Type   Attr      Idx    E Section Name        Object

    0x20000000   0x08004f28   0x00000010   Data   RW         2629    .data               stm32f4xx_rcc.o
    0x20000010   0x08004f38   0x00000004   Data   RW         4720    .data               delay.o
    0x20000014   0x08004f3c   0x00000004   Data   RW         4848    .data               usart.o
    0x20000018   0x08004f40   0x00000008   Data   RW         4891    .data               main.o
    0x20000020   0x08004f48   0x00000014   Data   RW         5010    .data               system_stm32f4xx.o
    0x20000034   0x08004f5c   0x00000009   Data   RW         5080    .data               can.o
    0x2000003d   0x08004f65   0x00000003   PAD
    0x20000040   0x08004f68   0x00000004   Data   RW         5125    .data               led.o
    0x20000044   0x08004f6c   0x0000000c   Data   RW         5166    .data               tim2.o
    0x20000050   0x08004f78   0x0000002c   Data   RW         5214    .data               chassis.o
    0x2000007c   0x08004fa4   0x00000004   Data   RW         5275    .data               task.o
    0x20000080   0x08004fa8   0x00000028   Data   RW         5308    .data               imu.o


    Execution Region ER_ZI (Exec base: 0x200000a8, Load base: 0x08004fd0, Size: 0x00000778, Max: 0xffffffff, ABSOLUTE)

    Exec Addr    Load Addr    Size         Type   Attr      Idx    E Section Name        Object

    0x200000a8        -       0x0000007c   Zero   RW         5306    .bss                imu.o
    0x20000124        -       0x00000098   Zero   RW         5427    .bss                pid.o
    0x200001bc        -       0x00000060   Zero   RW         5651    .bss                c_w.l(libspace.o)
    0x2000021c   0x08004fd0   0x00000004   PAD
    0x20000220        -       0x00000200   Zero   RW            2    HEAP                startup_stm32f427xx.o
    0x20000420        -       0x00000400   Zero   RW            1    STACK               startup_stm32f427xx.o


==============================================================================

Image component sizes


      Code (inc. data)   RO Data    RW Data    ZI Data      Debug   Object Name

       192         16          0          0          0       1685   beep.o
       608         48          0          9          0       3437   can.o
      1024        136          0         44          0       3642   chassis.o
        80         12          0          4          0       2436   delay.o
       104         14          0          0          0        611   gray_sensor.o
      2986        172         20         40        124      12533   imu.o
       190          6          0          0          0       1634   kalman.o
       224         20          0          4          0       1361   led.o
        92         10         77          8          0        939   main.o
       180         24          0          0          0     307053   misc.o
      1064         42          0          0        152       2831   pid.o
       280         14          0          0          0       1323   spi.o
        64         26        428          0       1536        884   startup_stm32f427xx.o
       160          8          0          0          0        712   steering.o
      1654         22          0          0          0       7876   stm32f4xx_can.o
       240          0          0          0          0       3755   stm32f4xx_gpio.o
        24          0          0          0          0       3772   stm32f4xx_it.o
       392         48          0         16          0       6073   stm32f4xx_rcc.o
       112          0          0          0          0       3730   stm32f4xx_spi.o
       730         56          0          0          0      10356   stm32f4xx_tim.o
       446          8          0          0          0       5759   stm32f4xx_usart.o
       392         32          0         20          0       1985   system_stm32f4xx.o
      1072         50          0          4          0       1535   task.o
       450         48          0         12          0      29165   tim2.o
       280         16          0          4          0       4276   usart.o

    ----------------------------------------------------------------------
     13060        828        564        168       1812     419363   Object Totals
         0          0         32          0          0          0   (incl. Generated)
        20          0          7          3          0          0   (incl. Padding)

    ----------------------------------------------------------------------

      Code (inc. data)   RO Data    RW Data    ZI Data      Debug   Library Member Name

         8          0          0          0          0         68   __main.o
        40          0          0          0          0         84   __printf_nopercent.o
         0          0          0          0          0          0   __rtentry.o
        12          0          0          0          0          0   __rtentry2.o
         6          0          0          0          0          0   __rtentry4.o
        52          8          0          0          0          0   __scatter.o
        26          0          0          0          0          0   __scatter_copy.o
        28          0          0          0          0          0   __scatter_zi.o
        48          6          0          0          0         96   _printf_char_common.o
        36          4          0          0          0         80   _printf_char_file.o
        22          0          0          0          0        100   _rserrno.o
        18          0          0          0          0         80   exit.o
         8          0          0          0          0         68   ferror.o
         6          0          0          0          0        152   heapauxi.o
         2          0          0          0          0          0   libinit.o
         6          0          0          0          0          0   libinit2.o
         2          0          0          0          0          0   libshutdown.o
         2          0          0          0          0          0   libshutdown2.o
         8          4          0          0         96         68   libspace.o
        24          4          0          0          0         84   noretval__2printf.o
         8          4          0          0          0         68   rt_errno_addr_intlibspace.o
       100          0          0          0          0         80   rt_memcpy_w.o
         2          0          0          0          0          0   rtexit.o
        10          0          0          0          0          0   rtexit2.o
        74          0          0          0          0         80   sys_stackheap_outer.o
         2          0          0          0          0         68   use_no_semi.o
         2          0          0          0          0         68   use_no_semi_2.o
        24          0          0          0          0        164   basic.o
        98          4          0          0          0        140   d2f.o
       826         16          0          0          0        492   daddsub_clz.o
        24          0          0          0          0        116   dcmpi.o
       688        140          0          0          0        256   ddiv.o
       120          4          0          0          0        140   deqf.o
       120          4          0          0          0        140   dleqf.o
       340         12          0          0          0        152   dmul.o
       156          4          0          0          0        140   dnaninf.o
        12          0          0          0          0        116   dretinf.o
       108          0          0          0          0        128   drleqf.o
       408         56          0          0          0        168   dsqrt_umaal.o
        86          4          0          0          0        132   f2d.o
       140          4          0          0          0        132   fnaninf.o
        10          0          0          0          0        116   fpinit.o
        10          0          0          0          0        116   fretinf.o
         0          0          0          0          0          0   usenofp.o
       864         94         80          0          0        280   asin.o
       744        106        152          0          0        352   atan.o
       496         64          0          0          0        192   atan2.o
       104         16          0          0          0        496   dunder.o
        44          0          0          0          0        248   fabs.o
        48          0          0          0          0        124   fpclassify.o
       248          0          0          0          0        152   poly.o
         0          0          8          0          0          0   qnan.o
       110          0          0          0          0        148   sqrt.o

    ----------------------------------------------------------------------
      6400        558        240          0        100       5884   Library Totals
        20          0          0          0          4          0   (incl. Padding)

    ----------------------------------------------------------------------

      Code (inc. data)   RO Data    RW Data    ZI Data      Debug   Library Name

       552         30          0          0         96       1244   c_w.l
      3170        248          0          0          0       2648   fz_wm.l
      2658        280        240          0          0       1992   m_wm.l

    ----------------------------------------------------------------------
      6400        558        240          0        100       5884   Library Totals

    ----------------------------------------------------------------------

==============================================================================


      Code (inc. data)   RO Data    RW Data    ZI Data      Debug   

     19460       1386        804        168       1912     412275   Grand Totals
     19460       1386        804        168       1912     412275   ELF Image Totals
     19460       1386        804        168          0          0   ROM Totals

==============================================================================

    Total RO  Size (Code + RO Data)                20264 (  19.79kB)
    Total RW  Size (RW Data + ZI Data)              2080 (   2.03kB)
    Total ROM Size (Code + RO Data + RW Data)      20432 (  19.95kB)

==============================================================================

